******************************************************************************
                  TI ARM Linker PC v18.1.3                     
******************************************************************************
>> Linked Wed Apr  3 12:26:12 2019

OUTPUT FILE NAME:   <airzai_prototype_CC3220SF_LAUNCHXL_tirtos_ccs.out>
ENTRY POINT SYMBOL: "_c_int00"  address: 0100d689


MEMORY CONFIGURATION

         name            origin    length      used     unused   attr    fill
----------------------  --------  ---------  --------  --------  ----  --------
  FLASH_HDR             01000000   000007ff  00000000  000007ff  R  X
  FLASH                 01000800   000ff800  000102b9  000ef547  R  X
  SRAM                  20000000   00040000  00009bd6  0003642a  RW X


SEGMENT ALLOCATION MAP

run origin  load origin   length   init length attrs members
----------  ----------- ---------- ----------- ----- -------
01000800    01000800    000102c8   000102c8    r-x
  01000800    01000800    0000003c   0000003c    r-- .resetVecs
  01000840    01000840    0000f23a   0000f23a    r-x .text
  0100fa80    0100fa80    00000b1b   00000b1b    r-- .const
  010105a0    010105a0    00000528   00000528    r-- .cinit
20000310    20000310    00008000   00000000    r--
  20000310    20000310    00008000   00000000    r-- .priheap
20008310    20008310    000014cc   00000000    rw-
  20008310    20008310    00000b06   00000000    rw- .bss
  20008e18    20008e18    000009c4   00000000    rw- .data
2003fc00    2003fc00    00000400   00000000    rw-
  2003fc00    2003fc00    00000400   00000000    rw- .stack


SECTION ALLOCATION MAP

 output                                  attributes/
section   page    origin      length       input sections
--------  ----  ----------  ----------   ----------------
.text      0    01000840    0000f23a     
                  01000840    00000ab8     rtsv7M4_T_le_eabi.lib : _scanfi.c.obj (.text:__TI_scanfi)
                  010012f8    00000a4a                           : _printfi.c.obj (.text:__TI_printfi)
                  01001d42    000007ce     vl53l0x_api_core.obj (.text:VL53L0X_get_info_from_device)
                  01002510    00000454     rtsv7M4_T_le_eabi.lib : strtod.c.obj (.text:strtod)
                  01002964    0000042c     driverlib.a : prcm.obj (.text:PRCMCC3200MCUInit)
                  01002d90    000003bc     vl53l0x_api_calibration.obj (.text:VL53L0X_perform_ref_spad_management)
                  0100314c    000003b0     vl53l0x_api_core.obj (.text:VL53L0X_calc_sigma_estimate)
                  010034fc    0000035a     vl53l0x_api_core.obj (.text:VL53L0X_get_pal_range_status)
                  01003856    00000002     drivers_cc32xx.aem4 : I2CCC32XX.oem4 (.text:I2CCC32XX_cancel)
                  01003858    000002cf     vl53l0x_api_strings.obj (.text:VL53L0X_get_pal_error_string)
                  01003b27    00000001     --HOLE-- [fill = 0]
                  01003b28    00000278     drivers_cc32xx.aem4 : UARTCC32XX.oem4 (.text:UARTCC32XX_open)
                  01003da0    0000026c     vl53l0x_api.obj (.text:VL53L0X_StaticInit)
                  0100400c    00000268     rtsv7M4_T_le_eabi.lib : _printfi.c.obj (.text:_pconv_a)
                  01004274    00000260     vl53l0x_api.obj (.text:VL53L0X_DataInit)
                  010044d4    00000230     lp55231.obj (.text:lp55231_led_control)
                  01004704    0000020c     vl53l0x_api.obj (.text:VL53L0X_GetRangingMeasurementData)
                  01004910    00000200     vl53l0x_api_core.obj (.text:VL53L0X_calc_dmax)
                  01004b10    000001de     uart_parser.obj (.text:CmdGetHelp)
                  01004cee    00000002     drivers_cc32xx.aem4 : I2CCC32XX.oem4 (.text:I2CCC32XX_init)
                  01004cf0    000001dc     rtsv7M4_T_le_eabi.lib : strtoll.c.obj (.text:strtoll)
                  01004ecc    000001d8     vl53l0x_api_core.obj (.text:VL53L0X_load_tuning_settings)
                  010050a4    000001cc     rtsv7M4_T_le_eabi.lib : _printfi.c.obj (.text:_pconv_g)
                  01005270    000001c8     drivers_cc32xx.aem4 : GPIOCC32XX.oem4 (.text:GPIO_setConfig)
                  01005438    000001be     vl53l0x_api_core.obj (.text:set_sequence_step_timeout)
                  010055f6    000001b6     rtsv7M4_T_le_eabi.lib : fd_add_t2.asm.obj (.text)
                  010057ac    000001ac     vl53l0x_api_core.obj (.text:VL53L0X_set_measurement_timing_budget_micro_seconds)
                  01005958    0000018a     vl53l0x_api_core.obj (.text:get_sequence_step_timeout)
                  01005ae2    00000002     drivers_cc32xx.aem4 : PWMTimerCC32XX.oem4 (.text:PWMTimerCC32XX_init)
                  01005ae4    00000184     main_thread.obj (.text:mainThread)
                  01005c68    00000178     uart_parser.obj (.text:Parse_control_cmd)
                  01005de0    00000172     vl53l0x_api.obj (.text:VL53L0X_StartMeasurement)
                  01005f52    0000016e     vl53l0x_api.obj (.text:VL53L0X_SetSequenceStepEnable)
                  010060c0    0000015c     rtsv7M4_T_le_eabi.lib : strtoull.c.obj (.text:strtoull)
                  0100621c    00000158     dpl_cc32xx.aem4 : PowerCC32XX_tirtos.oem4 (.text:PowerCC32XX_sleepPolicy)
                  01006374    00000150     SHT31.obj (.text:SHT31_readTempHum)
                  010064c4    00000150     drivers_cc32xx.aem4 : PowerCC32XX.oem4 (.text:parkPins)
                  01006614    0000013c     rtsv7M4_T_le_eabi.lib : _printfi.c.obj (.text:_pconv_e)
                  01006750    0000013a     vl53l0x_api.obj (.text:VL53L0X_SetLimitCheckEnable)
                  0100688a    00000136     rtsv7M4_T_le_eabi.lib : fd_div_t2.asm.obj (.text)
                  010069c0    00000134     vl53l0x_api_core.obj (.text:VL53L0X_get_measurement_timing_budget_micro_seconds)
                  01006af4    00000134     rtsv7M4_T_le_eabi.lib : vla_alloc.c.obj (.text:__vla_alloc)
                  01006c28    00000130                           : strtol.c.obj (.text:strtol)
                  01006d58    00000130     sysbios.aem4 : BIOS.obj (.text:ti_sysbios_knl_Semaphore_pend__E)
                  01006e88    0000012a     vl53l0x_api_calibration.obj (.text:VL53L0X_set_reference_spads)
                  01006fb2    00000124     vl53l0x_api.obj (.text:VL53L0X_GetLimitCheckValue)
                  010070d6    00000122     drivers_cc32xx.aem4 : I2CCC32XX.oem4 (.text:I2CCC32XX_hwiFxn)
                  010071f8    00000120                         : UARTCC32XX.oem4 (.text:UARTCC32XX_close)
                  01007318    00000120     rtsv7M4_T_le_eabi.lib : _printfi.c.obj (.text:fcvt)
                  01007438    0000011c     sysbios.aem4 : BIOS.obj (.text:xdc_runtime_Startup_startMods__I)
                  01007554    00000118     drivers_cc32xx.aem4 : PowerCC32XX.oem4 (.text:Power_sleep)
                  0100766c    00000118     vl53l0x_api_calibration.obj (.text:VL53L0X_ref_calibration_io)
                  01007784    00000110     rtsv7M4_T_le_eabi.lib : strtoul.c.obj (.text:strtoul)
                  01007894    00000004     dpl_cc32xx.aem4 : ClockP_tirtos.oem4 (.text:ClockP_getCpuFreq)
                  01007898    00000110     sysbios.aem4 : BIOS.obj (.text:ti_sysbios_knl_Task_postInit__I)
                  010079a8    0000010c     drivers_cc32xx.aem4 : I2CCC32XX.oem4 (.text:I2CCC32XX_open)
                  01007ab4    00000004     dpl_cc32xx.aem4 : ClockP_tirtos.oem4 (.text:ClockP_setTimeout)
                  01007ab8    00000104     sysbios.aem4 : BIOS.obj (.text:ti_sysbios_knl_Task_Instance_finalize__E)
                  01007bbc    000000fc     vl53l0x_api.obj (.text:VL53L0X_GetDeviceParameters)
                  01007cb8    000000fc     rtsv7M4_T_le_eabi.lib : fd_mul_t2.asm.obj (.text)
                  01007db4    00000004     dpl_cc32xx.aem4 : ClockP_tirtos.oem4 (.text:ClockP_start)
                  01007db8    000000fc     sysbios.aem4 : BIOS.obj (.text:ti_sysbios_knl_Task_Instance_init__E)
                  01007eb4    000000f8     uart_parser.obj (.text:CmdSetLedBrightness)
                  01007fac    000000f4     uart_parser.obj (.text:CmdSetLedColor)
                  010080a0    000000f2     drivers_cc32xx.aem4 : UARTCC32XX.oem4 (.text:UARTCC32XX_control)
                  01008192    00000002                         : UARTCC32XX.oem4 (.text:UARTCC32XX_init)
                  01008194    000000f0                         : PWMTimerCC32XX.oem4 (.text:PWMTimerCC32XX_open)
                  01008284    000000ec     vl53l0x_api_calibration.obj (.text:enable_ref_spads)
                  01008370    000000ec     sysbios.aem4 : BIOS.obj (.text:pthread_create)
                  0100845c    000000d8     lp55231.obj (.text:light_scheme_nFault)
                  01008534    000000d0     vl53l0x_api_calibration.obj (.text:VL53L0X_perform_vhv_calibration)
                  01008604    000000d0     rtsv7M4_T_le_eabi.lib : s_scalbn.c.obj (.text:scalbn)
                  010086d4    000000d0     sysbios.aem4 : m3_Hwi_asm.obj (.text:ti_sysbios_family_arm_m3_Hwi_dispatch__I)
                  010087a4    00000004     dpl_cc32xx.aem4 : ClockP_tirtos.oem4 (.text:ClockP_stop)
                  010087a8    000000d0     sysbios.aem4 : BIOS.obj (.text:ti_sysbios_heaps_HeapMem_alloc__E)
                  01008878    000000cc     vl53l0x_api.obj (.text:VL53L0X_CheckAndLoadInterruptSettings)
                  01008944    000000ca     vl53l0x_api_calibration.obj (.text:VL53L0X_perform_phase_calibration)
                  01008a0e    00000002     rtsv7M4_T_le_eabi.lib : _lock.c.obj (.text:_nop)
                  01008a10    000000c4     drivers_cc32xx.aem4 : GPIOCC32XX.oem4 (.text:GPIO_init)
                  01008ad4    000000c4                         : PWMTimerCC32XX.oem4 (.text:PWMTimerCC32XX_stop)
                  01008b98    000000c4     sysbios.aem4 : BIOS.obj (.text:ti_sysbios_knl_Task_sleep__E)
                  01008c5c    000000c2     drivers_cc32xx.aem4 : UARTCC32XX.oem4 (.text:UARTCC32XX_write)
                  01008d1e    00000002     rtsv7M4_T_le_eabi.lib : div0.asm.obj (.text)
                  01008d20    000000c0     uart_term.obj (.text:Report)
                  01008de0    000000bc     vl53l0x_api_calibration.obj (.text:get_next_good_spad)
                  01008e9c    00000004     dpl_cc32xx.aem4 : HwiP_tirtos.oem4 (.text:HwiP_clearInterrupt)
                  01008ea0    000000bc     sysbios.aem4 : BIOS.obj (.text:xdc_runtime_Core_createObject__I)
                  01008f5c    000000ba     drivers_cc32xx.aem4 : UARTCC32XX.oem4 (.text:UARTCC32XX_readPolling)
                  01009016    000000ba     vl53l0x_api.obj (.text:VL53L0X_SetLimitCheckValue)
                  010090d0    000000b8     uart_parser.obj (.text:CmdSetLedOn)
                  01009188    000000b8     drivers_cc32xx.aem4 : PWMTimerCC32XX.oem4 (.text:PWMTimerCC32XX_setDuty)
                  01009240    000000b8                         : UARTCC32XX.oem4 (.text:initHw)
                  010092f8    000000b8     vl53l0x_api_hl.obj (.text:vl53l0x_api_hl_mode_init)
                  010093b0    000000b6     drivers_cc32xx.aem4 : UARTCC32XX.oem4 (.text:readTaskCallback)
                  01009466    00000002     release_pem4.oem4 (.text:ti_sysbios_BIOS_nullFunc__I)
                  01009468    000000b4     drivers_cc32xx.aem4 : PowerCC32XX.oem4 (.text:restoreParkedPins)
                  0100951c    000000b1     rtsv7M4_T_le_eabi.lib : _printfi.c.obj (.text:_ltostr)
                  010095cd    00000001     --HOLE-- [fill = 0]
                  010095ce    000000b0     vl53l0x_api_calibration.obj (.text:perform_ref_signal_measurement)
                  0100967e    000000ae     drivers_cc32xx.aem4 : UARTCC32XX.oem4 (.text:readIsrTextBlocking)
                  0100972c    000000aa     uart_parser.obj (.text:getColorNumber)
                  010097d6    00000002     release_pem4.oem4 (.text:xdc_runtime_Startup_reset__I)
                  010097d8    000000a8     drivers_cc32xx.aem4 : PowerCC32XX.oem4 (.text:PowerCC32XX_configureWakeup)
                  01009880    000000a8     vl53l0x_api.obj (.text:VL53L0X_GetSequenceStepEnables)
                  01009928    000000a8     proximitry_thread.obj (.text:VL53L0X_Task)
                  010099d0    000000a8     drivers_cc32xx.aem4 : UARTCC32XX.oem4 (.text:readTaskBlocking)
                  01009a78    000000a4                         : I2CCC32XX.oem4 (.text:I2CCC32XX_transfer)
                  01009b1c    000000a4                         : PWMTimerCC32XX.oem4 (.text:initHw)
                  01009bc0    000000a4     sysbios.aem4 : BIOS.obj (.text:ti_sysbios_knl_Task_setPri__E)
                  01009c64    000000a2     drivers_cc32xx.aem4 : UARTCC32XX.oem4 (.text:readIsrTextCallback)
                  01009d06    000000a2                         : UARTCC32XX.oem4 (.text:writeData)
                  01009da8    000000a0     auto_init.aem4 : auto_init.oem4 (.text)
                  01009e48    0000009c     sysbios.aem4 : BIOS.obj (.text:_pthread_removeThreadKeys)
                  01009ee4    0000009c     rtsv7M4_T_le_eabi.lib : memcpy_t2.asm.obj (.text)
                  01009f80    0000009a     vl53l0x_api.obj (.text:sequence_step_enabled)
                  0100a01a    00000002     --HOLE-- [fill = 0]
                  0100a01c    00000098     drivers_cc32xx.aem4 : PWMTimerCC32XX.oem4 (.text:PWMTimerCC32XX_setPeriod)
                  0100a0b4    00000098                         : GPIOCC32XX.oem4 (.text:powerNotifyFxn)
                  0100a14c    00000004     dpl_cc32xx.aem4 : HwiP_tirtos.oem4 (.text:HwiP_disable)
                  0100a150    00000098     sysbios.aem4 : BIOS.obj (.text:ti_sysbios_family_arm_m3_Hwi_Instance_init__E)
                  0100a1e8    00000096     rtsv7M4_T_le_eabi.lib : ull_div_t2.asm.obj (.text)
                  0100a27e    00000002     --HOLE-- [fill = 0]
                  0100a280    00000094     sysbios.aem4 : BIOS.obj (.text:ti_sysbios_knl_Task_exit__E)
                  0100a314    00000090     drivers_cc32xx.aem4 : PowerCC32XX.oem4 (.text:restoreNVICRegs)
                  0100a3a4    00000004     dpl_cc32xx.aem4 : HwiP_tirtos.oem4 (.text:HwiP_disableInterrupt)
                  0100a3a8    00000090     sysbios.aem4 : BIOS.obj (.text:ti_sysbios_knl_Task_Module_startup__E)
                  0100a438    0000008c     drivers_cc32xx.aem4 : I2CCC32XX.oem4 (.text:I2CCC32XX_close)
                  0100a4c4    00000004     dpl_cc32xx.aem4 : HwiP_tirtos.oem4 (.text:HwiP_enableInterrupt)
                  0100a4c8    0000008c     sysbios.aem4 : BIOS.obj (.text:xdc_runtime_Memory_alloc__E)
                  0100a554    00000088     drivers_cc32xx.aem4 : PWMTimerCC32XX.oem4 (.text:PWMTimerCC32XX_close)
                  0100a5dc    00000088     driverlib.a : pin.obj (.text:PinConfigSet)
                  0100a664    00000004     dpl_cc32xx.aem4 : SemaphoreP_tirtos.oem4 (.text:SemaphoreP_post)
                  0100a668    00000088     sysbios.aem4 : BIOS.obj (.text:ti_sysbios_family_arm_m3_Hwi_initNVIC__E)
                  0100a6f0    00000088                  : BIOS.obj (.text:ti_sysbios_family_arm_m3_TaskSupport_start__E)
                  0100a778    00000086     drivers_cc32xx.aem4 : I2CCC32XX.oem4 (.text:I2CCC32XX_primeTransfer)
                  0100a7fe    00000086     rtsv7M4_T_le_eabi.lib : fd_cmp_t2.asm.obj (.text:__aeabi_cdcmple)
                  0100a884    00000086                           : fd_cmp_t2.asm.obj (.text:__aeabi_cdrcmple)
                  0100a90a    00000006     drivers_cc32xx.aem4 : I2CCC32XX.oem4 (.text:I2CCC32XX_control)
                  0100a910    00000086     sysbios.aem4 : BIOS.obj (.text:xdc_runtime_Core_constructObject__I)
                  0100a996    00000002     --HOLE-- [fill = 0]
                  0100a998    00000084     drivers_cc32xx.aem4 : PowerCC32XX.oem4 (.text:Power_init)
                  0100aa1c    00000084     uart_thread.obj (.text:UARTCommands_Task)
                  0100aaa0    00000084     vl53l0x_api.obj (.text:VL53L0X_ClearInterruptMask)
                  0100ab24    00000084     drivers_cc32xx.aem4 : PowerCC32XX.oem4 (.text:saveNVICRegs)
                  0100aba8    00000084     sysbios.aem4 : BIOS.obj (.text:ti_sysbios_family_arm_m3_Hwi_postInit__I)
                  0100ac2c    00000004     rtsv7M4_T_le_eabi.lib : error.c.obj (.text:__abort_execution)
                  0100ac30    00000084     sysbios.aem4 : BIOS.obj (.text:ti_sysbios_heaps_HeapMem_free__E)
                  0100acb4    00000082     vl53l0x_platform.obj (.text:VL53L0X_UpdateByte)
                  0100ad36    00000002     --HOLE-- [fill = 0]
                  0100ad38    00000080     uart_parser.obj (.text:CmdSetLedOff)
                  0100adb8    00000080     drivers_cc32xx.aem4 : PowerCC32XX.oem4 (.text:Power_setDependency)
                  0100ae38    00000080     i2c_api.obj (.text:i2c_write_u16_cmd)
                  0100aeb8    00000080     sysbios.aem4 : BIOS.obj (.text:ti_sysbios_knl_Clock_workFunc__E)
                  0100af38    0000007e     vl53l0x_api_core.obj (.text:VL53L0X_device_read_strobe)
                  0100afb6    0000007e     vl53l0x_api_calibration.obj (.text:VL53L0X_perform_ref_calibration)
                  0100b034    0000007c     pwm_api.obj (.text:api_pwm_init)
                  0100b0b0    0000007c     drivers_cc32xx.aem4 : UARTCC32XX.oem4 (.text:readIsrBinaryBlocking)
                  0100b12c    0000007a     rtsv7M4_T_le_eabi.lib : memset_t2.asm.obj (.text)
                  0100b1a6    00000002     --HOLE-- [fill = 0]
                  0100b1a8    00000078     drivers_cc32xx.aem4 : GPIOCC32XX.oem4 (.text:GPIO_hwiIntFxn)
                  0100b220    00000078     vl53l0x_api.obj (.text:VL53L0X_GetMeasurementDataReady)
                  0100b298    00000078     vl53l0x_api_calibration.obj (.text:VL53L0X_get_offset_calibration_data_micro_meter)
                  0100b310    00000078     rtsv7M4_T_le_eabi.lib : vla_alloc.c.obj (.text:_ZN33_INTERNAL_11_vla_alloc_c_be8bd49b21free_dead_allocationsEPv)
                  0100b388    00000078                           : vla_alloc.c.obj (.text:__vla_dealloc)
                  0100b400    00000078     drivers_cc32xx.aem4 : UARTCC32XX.oem4 (.text:readIsrBinaryCallback)
                  0100b478    00000074     SHT31.obj (.text:SHT31_crc8)
                  0100b4ec    00000074     drivers_cc32xx.aem4 : UARTCC32XX.oem4 (.text:UARTCC32XX_hwiIntFxn)
                  0100b560    00000074     sysbios.aem4 : BIOS.obj (.text:xdc_runtime_Core_deleteObject__I)
                  0100b5d4    00000004     rtsv7M4_T_le_eabi.lib : exit.c.obj (.text:abort:abort)
                  0100b5d8    00000070     sysbios.aem4 : BIOS.obj (.text:acquireMutexNone$45)
                  0100b648    00000070                  : BIOS.obj (.text:ti_sysbios_heaps_HeapMem_initPrimary__I)
                  0100b6b8    0000006e     rtsv7M4_T_le_eabi.lib : _printfi.c.obj (.text:_mcpy)
                  0100b726    0000006e                           : fd_tos_t2.asm.obj (.text)
                  0100b794    0000006c     i2c_api.obj (.text:i2c_read_buf)
                  0100b800    0000006c     i2c_api.obj (.text:i2c_write_buf)
                  0100b86c    00000004     release_pem4.oem4 (.text:ti_sysbios_BIOS_RtsGateProxy_enter__E)
                  0100b870    0000006c     sysbios.aem4 : BIOS.obj (.text:ti_sysbios_knl_Swi_restoreHwi__E)
                  0100b8dc    00000068     drivers_cc32xx.aem4 : PWMTimerCC32XX.oem4 (.text:PWMTimerCC32XX_start)
                  0100b944    00000068     rtsv7M4_T_le_eabi.lib : sscanf.c.obj (.text:_chkmbc)
                  0100b9ac    00000068                           : copy_decompress_lzss.c.obj (.text:decompress:lzss:__TI_decompress_lzss)
                  0100ba14    00000068     drivers_cc32xx.aem4 : I2CCC32XX.oem4 (.text:initHw)
                  0100ba7c    00000004     release_pem4.oem4 (.text:ti_sysbios_BIOS_RtsGateProxy_leave__E)
                  0100ba80    00000068     sysbios.aem4 : BIOS.obj (.text:pthread_exit)
                  0100bae8    00000066     drivers_cc32xx.aem4 : UARTCC32XX.oem4 (.text:UARTCC32XX_writeCancel)
                  0100bb4e    00000066     vl53l0x_api_core.obj (.text:VL53L0X_get_vcsel_pulse_period)
                  0100bbb4    00000066     vl53l0x_api_core.obj (.text:VL53L0X_isqrt)
                  0100bc1a    00000002     --HOLE-- [fill = 0]
                  0100bc1c    00000064     drivers_cc32xx.aem4 : PowerCC32XX.oem4 (.text:PowerCC32XX_setParkState)
                  0100bc80    00000064     vl53l0x_api_calibration.obj (.text:VL53L0X_perform_single_ref_calibration)
                  0100bce4    00000064     vl53l0x_i2c_comms.obj (.text:VL53L0X_read_dword)
                  0100bd48    00000064     main_tirtos.obj (.text:main)
                  0100bdac    00000004     release_pem4.oem4 (.text:ti_sysbios_family_arm_m3_Hwi_delete)
                  0100bdb0    00000064     sysbios.aem4 : BIOS.obj (.text:ti_sysbios_family_arm_m3_Hwi_dispatchC__I)
                  0100be14    00000062     drivers_cc32xx.aem4 : UARTCC32XX.oem4 (.text:UARTCC32XX_writePolling)
                  0100be76    00000002     --HOLE-- [fill = 0]
                  0100be78    00000060     uart_term.obj (.text:InitTerm)
                  0100bed8    00000060     driverlib.a : prcm.obj (.text:PRCMSysResetCauseGet)
                  0100bf38    00000060     vl53l0x_api.obj (.text:VL53L0X_GetXTalkCompensationRateMegaCps)
                  0100bf98    00000060     sysbios.aem4 : BIOS.obj (.text:ti_sysbios_knl_Semaphore_post__E)
                  0100bff8    00000060                  : BIOS.obj (.text:ti_sysbios_knl_Swi_run__I)
                  0100c058    0000005c     vl53l0x_api.obj (.text:VL53L0X_GetInterMeasurementPeriodMilliSeconds)
                  0100c0b4    0000005c     vl53l0x_api.obj (.text:VL53L0X_GetInterruptThresholds)
                  0100c110    0000005c     vl53l0x_i2c_comms.obj (.text:VL53L0X_write_multi)
                  0100c16c    0000005c     rtsv7M4_T_le_eabi.lib : s_frexp.c.obj (.text:frexp)
                  0100c1c8    0000005c     sysbios.aem4 : BIOS.obj (.text:ti_sysbios_family_arm_m3_Timer_start__E)
                  0100c224    00000004     release_pem4.oem4 (.text:ti_sysbios_family_arm_m3_TaskSupport_Module__startupDone__S)
                  0100c228    0000005c     sysbios.aem4 : BIOS.obj (.text:ti_sysbios_knl_Swi_schedule__I)
                  0100c284    00000004     release_pem4.oem4 (.text:ti_sysbios_heaps_HeapMem_Module_GateProxy_enter__E)
                  0100c288    0000005c     sysbios.aem4 : BIOS.obj (.text:ti_sysbios_knl_Task_startCore__E)
                  0100c2e4    00000004     release_pem4.oem4 (.text:ti_sysbios_heaps_HeapMem_Module_GateProxy_leave__E)
                  0100c2e8    0000005c     sysbios.aem4 : BIOS.obj (.text:xdc_runtime_Startup_exec__E)
                  0100c344    00000058     drivers_cc32xx.aem4 : GPIOCC32XX.oem4 (.text:GPIO_setCallback)
                  0100c39c    00000058                         : GPIOCC32XX.oem4 (.text:GPIO_write)
                  0100c3f4    00000058     driverlib.a : prcm.obj (.text:PRCMPeripheralReset)
                  0100c44c    00000058     drivers_cc32xx.aem4 : PowerCC32XX.oem4 (.text:Power_releaseDependency)
                  0100c4a4    00000058     vl53l0x_api.obj (.text:VL53L0X_GetWrapAroundCheckEnable)
                  0100c4fc    00000058     vl53l0x_api.obj (.text:VL53L0X_PerformSingleMeasurement)
                  0100c554    00000058     vl53l0x_platform.obj (.text:VL53L0X_WriteMulti)
                  0100c5ac    00000058     vl53l0x_api_calibration.obj (.text:enable_spad_bit)
                  0100c604    00000056     vl53l0x_api_core.obj (.text:VL53L0X_measurement_poll_for_completion)
                  0100c65a    00000056     rtsv7M4_T_le_eabi.lib : _printfi.c.obj (.text:_pconv_f)
                  0100c6b0    00000054     vl53l0x_platform.obj (.text:VL53L0X_ReadMulti)
                  0100c704    00000054     vl53l0x_api_core.obj (.text:VL53L0X_encode_timeout)
                  0100c758    00000054     vl53l0x_api_core.obj (.text:VL53L0X_get_total_xtalk_rate)
                  0100c7ac    00000054     rtsv7M4_T_le_eabi.lib : ltoa.c.obj (.text:ltoa)
                  0100c800    00000054     drivers_cc32xx.aem4 : UARTCC32XX.oem4 (.text:ringBufGet)
                  0100c854    00000054     release_pem4.oem4 (.text:ti_sysbios_family_arm_m3_Hwi_create)
                  0100c8a8    00000054     sysbios.aem4 : BIOS.obj (.text:ti_sysbios_family_arm_m3_Timer_setPeriod__E)
                  0100c8fc    00000004     release_pem4.oem4 (.text:ti_sysbios_knl_Clock_TimerProxy_getMaxTicks__E)
                  0100c900    00000054     sysbios.aem4 : BIOS.obj (.text:xdc_runtime_Core_assignLabel__I)
                  0100c954    00000052     drivers_cc32xx.aem4 : PowerCC32XX.oem4 (.text:PowerCC32XX_parkPin)
                  0100c9a6    00000052                         : PowerCC32XX_asm.oem4 (.text:PowerCC32XX_resumeLPDS)
                  0100c9f8    00000052     vl53l0x_api.obj (.text:VL53L0X_PerformSingleRangingMeasurement)
                  0100ca4a    00000052     vl53l0x_i2c_comms.obj (.text:VL53L0X_read_word)
                  0100ca9c    00000052     rtsv7M4_T_le_eabi.lib : _printfi.c.obj (.text:_ecpy)
                  0100caee    00000002     --HOLE-- [fill = 0]
                  0100caf0    00000050     dpl_cc32xx.aem4 : ClockP_tirtos.oem4 (.text:ClockP_create)
                  0100cb40    00000050     drivers_cc32xx.aem4 : TimerCC32XX.oem4 (.text:TimerCC32XX_allocateTimerResource)
                  0100cb90    00000050     i2c_api.obj (.text:i2c_init)
                  0100cbe0    00000050     sysbios.aem4 : BIOS.obj (.text:ti_sysbios_family_arm_m3_Hwi_Module_startup__E)
                  0100cc30    00000050     release_pem4.oem4 (.text:ti_sysbios_knl_Task_create)
                  0100cc80    0000004e     vl53l0x_api_core.obj (.text:VL53L0X_calc_timeout_us)
                  0100ccce    00000002     --HOLE-- [fill = 0]
                  0100ccd0    0000004c     drivers_cc32xx.aem4 : GPIOCC32XX.oem4 (.text:GPIO_enableInt)
                  0100cd1c    0000004c                         : I2CCC32XX.oem4 (.text:I2CCC32XX_completeTransfer)
                  0100cd68    0000004c     rtsv7M4_T_le_eabi.lib : atoi.c.obj (.text:atoi)
                  0100cdb4    0000004c                           : cpy_tbl.c.obj (.text:copy_in)
                  0100ce00    0000004c     drivers_cc32xx.aem4 : PWMTimerCC32XX.oem4 (.text:getDutyCounts)
                  0100ce4c    0000004c                         : PWMTimerCC32XX.oem4 (.text:getPeriodCounts)
                  0100ce98    0000004c                         : PowerCC32XX.oem4 (.text:restorePeriphClocks)
                  0100cee4    00000004     release_pem4.oem4 (.text:ti_sysbios_knl_Clock_TimerProxy_setPeriodMicroSecs__E)
                  0100cee8    0000004c     sysbios.aem4 : BIOS.obj (.text:ti_sysbios_heaps_HeapMem_getStats__E)
                  0100cf34    00000004     release_pem4.oem4 (.text:ti_sysbios_knl_Clock_TimerProxy_start__E)
                  0100cf38    0000004c     sysbios.aem4 : BIOS.obj (.text:ti_sysbios_knl_Swi_runLoop__I)
                  0100cf84    00000004     release_pem4.oem4 (.text:ti_sysbios_knl_Clock_TimerProxy_stop__E)
                  0100cf88    0000004c     sysbios.aem4 : BIOS.obj (.text:ti_sysbios_knl_Task_allBlockedFunction__I)
                  0100cfd4    00000004     release_pem4.oem4 (.text:ti_sysbios_knl_Clock_delete)
                  0100cfd8    0000004c     sysbios.aem4 : BIOS.obj (.text:ti_sysbios_knl_Task_schedule__I)
                  0100d024    0000004a     vl53l0x_api.obj (.text:VL53L0X_GetLimitCheckEnable)
                  0100d06e    0000004a     vl53l0x_api_core.obj (.text:VL53L0X_calc_timeout_mclks)
                  0100d0b8    00000048     driverlib.a : flash.obj (.text:FlashDisable)
                  0100d100    00000048                 : prcm.obj (.text:PRCMLPDSEnter)
                  0100d148    00000048                 : prcm.obj (.text:PRCMPeripheralClkEnable)
                  0100d190    00000048     drivers_cc32xx.aem4 : PowerCC32XX.oem4 (.text:Power_releaseConstraint)
                  0100d1d8    00000048     vl53l0x_api.obj (.text:VL53L0X_SetDeviceMode)
                  0100d220    00000048     vl53l0x_i2c_comms.obj (.text:VL53L0X_read_multi)
                  0100d268    00000048     sysbios.aem4 : BIOS.obj (.text:pthread_mutex_init)
                  0100d2b0    00000048     rtsv7M4_T_le_eabi.lib : fd_toi_t2.asm.obj (.text)
                  0100d2f8    00000048     sysbios.aem4 : BIOS.obj (.text:ti_sysbios_family_arm_m3_Hwi_disableInterrupt__E)
                  0100d340    00000048                  : BIOS.obj (.text:ti_sysbios_family_arm_m3_Hwi_enableInterrupt__E)
                  0100d388    00000048                  : m3_Hwi_asm_switch.obj (.text:ti_sysbios_family_arm_m3_Hwi_initStacks__E)
                  0100d3d0    00000048                  : BIOS.obj (.text:ti_sysbios_family_arm_m3_Timer_initDevice__I)
                  0100d418    00000048                  : BIOS.obj (.text:ti_sysbios_knl_Mailbox_Module_startup__E)
                  0100d460    00000048                  : BIOS.obj (.text:xdc_runtime_Core_assignParams__I)
                  0100d4a8    00000046     drivers_cc32xx.aem4 : RingBuf.oem4 (.text:RingBuf_put)
                  0100d4ee    00000046     vl53l0x_platform.obj (.text:VL53L0X_WrWord)
                  0100d534    00000044     drivers_cc32xx.aem4 : I2C.oem4 (.text:I2C_init)
                  0100d578    00000044     driverlib.a : prcm.obj (.text:PRCMLPDSRestoreInfoSet)
                  0100d5bc    00000044     drivers_cc32xx.aem4 : PWM.oem4 (.text:PWM_init)
                  0100d600    00000044                         : PowerCC32XX_asm.oem4 (.text:PowerCC32XX_enterLPDS)
                  0100d644    00000044                         : UART.oem4 (.text:UART_init)
                  0100d688    00000044     boot.aem4 : boot.oem4 (.text)
                  0100d6cc    00000004     release_pem4.oem4 (.text:ti_sysbios_knl_Semaphore_delete)
                  0100d6d0    00000044     sysbios.aem4 : BIOS.obj (.text:ti_sysbios_family_arm_m3_Hwi_getStackInfo__E)
                  0100d714    00000004     release_pem4.oem4 (.text:ti_sysbios_knl_Task_delete)
                  0100d718    00000044     sysbios.aem4 : BIOS.obj (.text:ti_sysbios_knl_Mailbox_postInit__I)
                  0100d75c    00000004     release_pem4.oem4 (.text:xdc_runtime_System_Module_GateProxy_enter__E)
                  0100d760    00000044     sysbios.aem4 : BIOS.obj (.text:ti_sysbios_knl_Swi_post__E)
                  0100d7a4    00000044     vl53l0x_api_hl.obj (.text:vl53l0x_api_hl_init)
                  0100d7e8    00000044     sysbios.aem4 : BIOS.obj (.text:xdc_runtime_System_atexit__E)
                  0100d82c    00000042     vl53l0x_platform.obj (.text:VL53L0X_RdByte)
                  0100d86e    00000042     vl53l0x_platform.obj (.text:VL53L0X_RdDWord)
                  0100d8b0    00000042     vl53l0x_platform.obj (.text:VL53L0X_RdWord)
                  0100d8f2    00000002     --HOLE-- [fill = 0]
                  0100d8f4    00000040     dpl_cc32xx.aem4 : HwiP_tirtos.oem4 (.text:HwiP_create)
                  0100d934    00000040     driverlib.a : pin.obj (.text:PinModeSet)
                  0100d974    00000040     drivers_cc32xx.aem4 : RingBuf.oem4 (.text:RingBuf_get)
                  0100d9b4    00000040                         : UARTCC32XX.oem4 (.text:UARTCC32XX_read)
                  0100d9f4    00000040     vl53l0x_api.obj (.text:VL53L0X_GetInterruptMaskStatus)
                  0100da34    00000040     vl53l0x_platform.obj (.text:VL53L0X_WrByte)
                  0100da74    00000040     vl53l0x_api_core.obj (.text:VL53L0X_get_total_signal_rate)
                  0100dab4    00000040     rtsv7M4_T_le_eabi.lib : strtok.c.obj (.text:strtok)
                  0100daf4    00000004     release_pem4.oem4 (.text:xdc_runtime_System_Module_GateProxy_leave__E)
                  0100daf8    00000040     sysbios.aem4 : BIOS.obj (.text:ti_sysbios_heaps_HeapMem_Instance_init__E)
                  0100db38    00000040                  : BIOS.obj (.text:ti_sysbios_knl_Clock_Instance_init__E)
                  0100db78    00000040     rtsv7M4_T_le_eabi.lib : vsnprintf.c.obj (.text:vsnprintf)
                  0100dbb8    0000003e                           : _printfi.c.obj (.text:_fcpy)
                  0100dbf6    0000003e     release_pem4.oem4 (.text:realloc)
                  0100dc34    0000003c     drivers_cc32xx.aem4 : I2C.oem4 (.text:I2C_open)
                  0100dc70    0000003c                         : PWM.oem4 (.text:PWM_open)
                  0100dcac    0000003c                         : PowerCC32XX.oem4 (.text:Power_setConstraint)
                  0100dce8    0000003c     dpl_cc32xx.aem4 : SemaphoreP_tirtos.oem4 (.text:SemaphoreP_create)
                  0100dd24    0000003c     drivers_cc32xx.aem4 : UART.oem4 (.text:UART_open)
                  0100dd60    0000003c     dpl_cc32xx.aem4 : PowerCC32XX_tirtos.oem4 (.text:getCountsRTC)
                  0100dd9c    00000004     --HOLE-- [fill = 0]
                  0100dda0    0000003c     sysbios.aem4 : BIOS.obj (.text:pthread_mutex_unlock)
                  0100dddc    00000004     --HOLE-- [fill = 0]
                  0100dde0    0000003c                  : BIOS.obj (.text:ti_sysbios_family_arm_m3_Hwi_Instance_finalize__E)
                  0100de1c    00000004     --HOLE-- [fill = 0]
                  0100de20    0000003c                  : BIOS.obj (.text:ti_sysbios_family_arm_m3_Timer_setPeriodMicroSecs__E)
                  0100de5c    0000003c     release_pem4.oem4 (.text:ti_sysbios_knl_Clock_create)
                  0100de98    0000003c     sysbios.aem4 : BIOS.obj (.text:ti_sysbios_knl_Clock_walkQueuePeriodic__E)
                  0100ded4    00000004     --HOLE-- [fill = 0]
                  0100ded8    0000003c                  : BIOS.obj (.text:ti_sysbios_knl_Swi_restore__E)
                  0100df14    00000004     --HOLE-- [fill = 0]
                  0100df18    0000003c                  : BIOS.obj (.text:xdc_runtime_System_processAtExit__E)
                  0100df54    0000003a     drivers_cc32xx.aem4 : PWMTimerCC32XX.oem4 (.text:getPowerMgrId)
                  0100df8e    00000002     --HOLE-- [fill = 0]
                  0100df90    00000039     vl53l0x_api_hl.obj (.text:print_pal_error)
                  0100dfc9    00000003     --HOLE-- [fill = 0]
                  0100dfcc    00000038     drivers_cc32xx.aem4 : GPIOCC32XX.oem4 (.text:GPIO_read)
                  0100e004    00000038     driverlib.a : prcm.obj (.text:PRCMLPDSEnterKeepDebugIf)
                  0100e03c    00000038     vl53l0x_i2c_comms.obj (.text:VL53L0X_write_word)
                  0100e074    00000038     drivers_cc32xx.aem4 : PowerCC32XX.oem4 (.text:notify)
                  0100e0ac    00000038     rtsv7M4_T_le_eabi.lib : fs_tod_t2.asm.obj (.text)
                  0100e0e4    00000038                           : sscanf.c.obj (.text:sscanf)
                  0100e11c    00000004     --HOLE-- [fill = 0]
                  0100e120    00000038     sysbios.aem4 : BIOS.obj (.text:ti_sysbios_knl_Task_processVitalTaskFlag__I)
                  0100e158    00000038                  : BIOS.obj (.text:usleep)
                  0100e190    00000036     drivers_cc32xx.aem4 : PowerCC32XX.oem4 (.text:PowerCC32XX_restoreParkedPin)
                  0100e1c6    00000036                         : UARTCC32XX.oem4 (.text:UARTCC32XX_readCancel)
                  0100e1fc    00000034     driverlib.a : pin.obj (.text:PinModeGet)
                  0100e230    00000034     drivers_cc32xx.aem4 : PowerCC32XX.oem4 (.text:PowerCC32XX_restoreParkState)
                  0100e264    00000034                         : TimerCC32XX.oem4 (.text:TimerCC32XX_freeTimerResource)
                  0100e298    00000034     sysbios.aem4 : BIOS.obj (.text:_pthread_delete$41)
                  0100e2cc    00000034     drivers_cc32xx.aem4 : TimerCC32XX.oem4 (.text:getPowerMgrId)
                  0100e300    00000034     sysbios.aem4 : BIOS.obj (.text:ti_sysbios_family_arm_m3_Timer_periodicStub__I)
                  0100e334    00000034     release_pem4.oem4 (.text:ti_sysbios_knl_Semaphore_create)
                  0100e368    00000032     vl53l0x_api.obj (.text:VL53L0X_GetFractionEnable)
                  0100e39a    00000006     drivers_cc32xx.aem4 : PWMTimerCC32XX.oem4 (.text:PWMTimerCC32XX_control)
                  0100e3a0    00000032     sysbios.aem4 : BIOS.obj (.text:ti_sysbios_hal_Hwi_initStack)
                  0100e3d2    00000030     rtsv7M4_T_le_eabi.lib : vsnprintf.c.obj (.text:_outs)
                  0100e402    00000002     --HOLE-- [fill = 0]
                  0100e404    00000030     vl53l0x_api_calibration.obj (.text:is_aperture)
                  0100e434    00000030     lp55231.obj (.text:lp55231_enable)
                  0100e464    00000030     release_pem4.oem4 (.text:ti_sysbios_BIOS_atExitFunc__I)
                  0100e494    00000030     release_pem4.oem4 (.text:ti_sysbios_BIOS_startFunc__I)
                  0100e4c4    00000030     release_pem4.oem4 (.text:ti_sysbios_gates_GateHwi_Object__create__S)
                  0100e4f4    00000030     release_pem4.oem4 (.text:ti_sysbios_gates_GateMutex_Object__create__S)
                  0100e524    00000004     --HOLE-- [fill = 0]
                  0100e528    00000030     sysbios.aem4 : BIOS.obj (.text:ti_sysbios_gates_GateMutex_enter__E)
                  0100e558    00000030     release_pem4.oem4 (.text:ti_sysbios_heaps_HeapMem_Object__create__S)
                  0100e588    00000030     release_pem4.oem4 (.text:ti_sysbios_knl_Semaphore_construct)
                  0100e5b8    00000030     sysbios.aem4 : BIOS.obj (.text:ti_sysbios_knl_Semaphore_pendTimeout__I)
                  0100e5e8    00000030                  : BIOS.obj (.text:ti_sysbios_knl_Task_restore__E)
                  0100e618    00000030                  : BIOS.obj (.text:ti_sysbios_knl_Task_unblockI__E)
                  0100e648    0000002e     vl53l0x_platform.obj (.text:VL53L0X_PollingDelay)
                  0100e676    0000002e     vl53l0x_api_core.obj (.text:VL53L0X_calc_macro_period_ps)
                  0100e6a4    0000002e     rtsv7M4_T_le_eabi.lib : i_tofd_t2.asm.obj (.text)
                  0100e6d2    0000002e     release_pem4.oem4 (.text:ti_sysbios_rts_MemAlloc_alloc)
                  0100e700    0000002c     drivers_cc32xx.aem4 : GPIOCC32XX.oem4 (.text:GPIO_clearInt)
                  0100e72c    0000002c                         : PowerCC32XX.oem4 (.text:PowerCC32XX_getParkState)
                  0100e758    0000002c     dpl_cc32xx.aem4 : SemaphoreP_tirtos.oem4 (.text:SemaphoreP_createBinary)
                  0100e784    00000004     --HOLE-- [fill = 0]
                  0100e788    0000002c     sysbios.aem4 : BIOS.obj (.text:_pthread_cleanupFxn)
                  0100e7b4    0000002c     i2c_api.obj (.text:i2c_write)
                  0100e7e0    0000002c     lp55231.obj (.text:lp55231_enable_hw)
                  0100e80c    0000002c     lp55231.obj (.text:lp55231_init)
                  0100e838    0000002c     rtsv7M4_T_le_eabi.lib : strncmp.c.obj (.text:strncmp)
                  0100e864    0000002c     release_pem4.oem4 (.text:ti_sysbios_knl_Clock_doTick__I)
                  0100e890    0000002c     release_pem4.oem4 (.text:ti_sysbios_knl_Queue_construct)
                  0100e8bc    0000002a     vl53l0x_api.obj (.text:VL53L0X_PerformRefCalibration)
                  0100e8e6    0000002a     vl53l0x_api_core.obj (.text:VL53L0X_decode_timeout)
                  0100e910    0000002a     sysbios.aem4 : BIOS.obj (.text:sem_init)
                  0100e93a    0000002a     rtsv7M4_T_le_eabi.lib : strspn.c.obj (.text:strspn)
                  0100e964    00000028     driverlib.a : prcm.obj (.text:PRCMPeripheralClkDisable)
                  0100e98c    00000028     dpl_cc32xx.aem4 : PowerCC32XX_tirtos.oem4 (.text:PowerCC32XX_initPolicy)
                  0100e9b4    00000028     drivers_cc32xx.aem4 : PowerCC32XX.oem4 (.text:Power_registerNotify)
                  0100e9dc    00000028     vl53l0x_api.obj (.text:VL53L0X_PerformRefSpadManagement)
                  0100ea04    00000004     --HOLE-- [fill = 0]
                  0100ea08    00000028     sysbios.aem4 : BIOS.obj (.text:ti_sysbios_knl_Clock_addI__E)
                  0100ea30    00000028                  : BIOS.obj (.text:ti_sysbios_knl_Swi_Module_startup__E)
                  0100ea58    00000026     drivers_cc32xx.aem4 : List.oem4 (.text:List_put)
                  0100ea7e    00000026                         : List.oem4 (.text:List_remove)
                  0100eaa4    00000026     vl53l0x_api.obj (.text:VL53L0X_GetVcselPulsePeriod)
                  0100eaca    00000026     vl53l0x_api.obj (.text:VL53L0X_GetXTalkCompensationEnable)
                  0100eaf0    00000024     sysbios.aem4 : BIOS.obj (.text:pthread_attr_init)
                  0100eb14    00000024     rtsv7M4_T_le_eabi.lib : strcspn.c.obj (.text:strcspn)
                  0100eb38    00000024     release_pem4.oem4 (.text:ti_sysbios_BIOS_registerRTSLock__I)
                  0100eb5c    00000024     release_pem4.oem4 (.text:ti_sysbios_BIOS_removeRTSLock__I)
                  0100eb80    00000024     sysbios.aem4 : BIOS.obj (.text:ti_sysbios_family_arm_m3_Timer_postInit__I)
                  0100eba4    00000004     --HOLE-- [fill = 0]
                  0100eba8    00000024                  : BIOS.obj (.text:ti_sysbios_family_arm_m3_Timer_startup__E)
                  0100ebcc    00000024     release_pem4.oem4 (.text:ti_sysbios_gates_GateMutex_Object__delete__S)
                  0100ebf0    00000024     sysbios.aem4 : BIOS.obj (.text:ti_sysbios_knl_Clock_Module_startup__E)
                  0100ec14    00000024     release_pem4.oem4 (.text:ti_sysbios_knl_Clock_Object__delete__S)
                  0100ec38    00000024     sysbios.aem4 : BIOS.obj (.text:ti_sysbios_knl_Clock_start__E)
                  0100ec5c    00000004     --HOLE-- [fill = 0]
                  0100ec60    00000024                  : BIOS.obj (.text:ti_sysbios_knl_Semaphore_Instance_init__E)
                  0100ec84    00000024     release_pem4.oem4 (.text:ti_sysbios_knl_Semaphore_Object__delete__S)
                  0100eca8    00000024     sysbios.aem4 : BIOS.obj (.text:ti_sysbios_knl_Task_restoreHwi__E)
                  0100eccc    00000024     touch_api.obj (.text:touch_init)
                  0100ecf0    00000024     sysbios.aem4 : BIOS.obj (.text:xdc_runtime_Error_policyMin__E)
                  0100ed14    00000022     vl53l0x_api.obj (.text:VL53L0X_GetPalErrorString)
                  0100ed36    00000022     vl53l0x_api_core.obj (.text:VL53L0X_decode_vcsel_period)
                  0100ed58    00000022     vl53l0x_i2c_comms.obj (.text:VL53L0X_write_byte)
                  0100ed7a    00000002     --HOLE-- [fill = 0]
                  0100ed7c    00000020     uart_term.obj (.text:GetRawCmd)
                  0100ed9c    00000020     drivers_cc32xx.aem4 : PowerCC32XX.oem4 (.text:Power_unregisterNotify)
                  0100edbc    00000020                         : RingBuf.oem4 (.text:RingBuf_peek)
                  0100eddc    00000020     pwm_api.obj (.text:api_pwm1_enable)
                  0100edfc    00000020     drivers_cc32xx.aem4 : UARTCC32XX.oem4 (.text:getPowerMgrId)
                  0100ee1c    00000020     rtsv7M4_T_le_eabi.lib : u_tofd_t2.asm.obj (.text)
                  0100ee3c    00000004     --HOLE-- [fill = 0]
                  0100ee40    00000020     sysbios.aem4 : BIOS.obj (.text:sleep)
                  0100ee60    00000020     release_pem4.oem4 (.text:ti_sysbios_BIOS_rtsLock__I)
                  0100ee80    00000020     release_pem4.oem4 (.text:ti_sysbios_family_arm_m3_Hwi_Object__delete__S)
                  0100eea0    00000020     sysbios.aem4 : BIOS.obj (.text:ti_sysbios_family_arm_m3_Hwi_clearInterrupt__E)
                  0100eec0    00000020                  : m3_Hwi_asm.obj (.text:ti_sysbios_family_arm_m3_Hwi_excHandlerAsm__I)
                  0100eee0    00000020                  : BIOS.obj (.text:ti_sysbios_family_arm_m3_Hwi_excHandler__I)
                  0100ef00    00000020     release_pem4.oem4 (.text:ti_sysbios_gates_GateHwi_Object__delete__S)
                  0100ef20    00000020     release_pem4.oem4 (.text:ti_sysbios_heaps_HeapMem_Object__delete__S)
                  0100ef40    00000020     sysbios.aem4 : BIOS.obj (.text:ti_sysbios_knl_Idle_run__E)
                  0100ef60    00000020     release_pem4.oem4 (.text:ti_sysbios_knl_Semaphore_destruct)
                  0100ef80    00000020     release_pem4.oem4 (.text:ti_sysbios_knl_Task_Object__delete__S)
                  0100efa0    00000020     touch_api.obj (.text:touch_button_wait_blocked)
                  0100efc0    0000001e     vl53l0x_api.obj (.text:VL53L0X_GetDeviceMode)
                  0100efde    0000001e     vl53l0x_api.obj (.text:VL53L0X_GetMeasurementTimingBudgetMicroSeconds)
                  0100effc    0000001e     vl53l0x_api.obj (.text:VL53L0X_GetOffsetCalibrationDataMicroMeter)
                  0100f01a    0000001e     vl53l0x_api.obj (.text:VL53L0X_SetMeasurementTimingBudgetMicroSeconds)
                  0100f038    0000001e     vl53l0x_i2c_comms.obj (.text:VL53L0X_read_byte)
                  0100f056    0000001e     sysbios.aem4 : m3_Hwi_asm_switch.obj (.text:ti_sysbios_family_xxx_Hwi_switchAndRunFunc)
                  0100f074    0000001c     uart_term.obj (.text:Message)
                  0100f090    0000001c     driverlib.a : pin.obj (.text:PinToPadGet)
                  0100f0ac    0000001c     SHT31.obj (.text:SHT31_init)
                  0100f0c8    0000001c     SHT31.obj (.text:SHT31_reset)
                  0100f0e4    0000001c     vl53l0x_api_calibration.obj (.text:get_ref_spad_map)
                  0100f100    0000001c     rtsv7M4_T_le_eabi.lib : memccpy.c.obj (.text:memccpy)
                  0100f11c    0000001c     vl53l0x_api_calibration.obj (.text:set_ref_spad_map)
                  0100f138    0000001c     sysbios.aem4 : BIOS.obj (.text:ti_sysbios_family_arm_m3_Timer_Module_startup__E)
                  0100f154    00000004     --HOLE-- [fill = 0]
                  0100f158    0000001c                  : BIOS.obj (.text:ti_sysbios_family_arm_m3_Timer_stop__E)
                  0100f174    00000004     --HOLE-- [fill = 0]
                  0100f178    0000001c                  : BIOS.obj (.text:ti_sysbios_gates_GateMutex_Instance_init__E)
                  0100f194    00000004     --HOLE-- [fill = 0]
                  0100f198    0000001c                  : BIOS.obj (.text:ti_sysbios_knl_Clock_Instance_finalize__E)
                  0100f1b4    0000001c     release_pem4.oem4 (.text:ti_sysbios_knl_Queue_destruct)
                  0100f1d0    0000001c     sysbios.aem4 : BIOS.obj (.text:ti_sysbios_knl_Queue_put__E)
                  0100f1ec    00000004     --HOLE-- [fill = 0]
                  0100f1f0    0000001c                  : BIOS.obj (.text:ti_sysbios_knl_Task_enter__I)
                  0100f20c    0000001a     release_pem4.oem4 (.text:free)
                  0100f226    0000001a     sysbios.aem4 : m3_Hwi_asm.obj (.text:ti_sysbios_family_arm_m3_Hwi_pendSV__I)
                  0100f240    00000018     drivers_cc32xx.aem4 : PowerCC32XX.oem4 (.text:Power_idleFunc)
                  0100f258    00000018     driverlib.a : uart.obj (.text:UARTBusy)
                  0100f270    00000018                 : uart.obj (.text:UARTIntEnable)
                  0100f288    00000018     drivers_cc32xx.aem4 : UART.oem4 (.text:UART_Params_init)
                  0100f2a0    00000018     rtsv7M4_T_le_eabi.lib : args_main.c.obj (.text:_args_main)
                  0100f2b8    00000018                           : vsnprintf.c.obj (.text:_outc)
                  0100f2d0    00000018     touch_api.obj (.text:gpioTouchInterruptCallback)
                  0100f2e8    00000018     rtsv7M4_T_le_eabi.lib : ll_mul_t2.asm.obj (.text)
                  0100f300    00000018                           : strrchr.c.obj (.text:strrchr)
                  0100f318    00000018     release_pem4.oem4 (.text:ti_sysbios_BIOS_rtsUnlock__I)
                  0100f330    00000018     release_pem4.oem4 (.text:ti_sysbios_family_arm_m3_Hwi_Module__startupDone__F)
                  0100f348    00000018     release_pem4.oem4 (.text:ti_sysbios_family_arm_m3_Timer_Module__startupDone__F)
                  0100f360    00000018     release_pem4.oem4 (.text:ti_sysbios_gates_GateHwi_Handle__label__S)
                  0100f378    00000018     release_pem4.oem4 (.text:ti_sysbios_gates_GateMutex_Handle__label__S)
                  0100f390    00000018     sysbios.aem4 : BIOS.obj (.text:ti_sysbios_gates_GateMutex_leave__E)
                  0100f3a8    00000018     release_pem4.oem4 (.text:ti_sysbios_heaps_HeapMem_Handle__label__S)
                  0100f3c0    00000018     sysbios.aem4 : BIOS.obj (.text:ti_sysbios_knl_Task_sleepTimeout__I)
                  0100f3d8    00000018                  : BIOS.obj (.text:ti_sysbios_rts_ti_ReentSupport_getReent__F)
                  0100f3f0    00000018     release_pem4.oem4 (.text:ti_sysbios_rts_ti_ReentSupport_getTlsAddr__I)
                  0100f408    00000018     sysbios.aem4 : BIOS.obj (.text:xdc_runtime_Error_init__E)
                  0100f420    00000018                  : BIOS.obj (.text:xdc_runtime_System_exit__E)
                  0100f438    00000016     driverlib.a : prcm.obj (.text:PRCMHIBRegRead)
                  0100f44e    00000016                 : prcm.obj (.text:PRCMHIBRegWrite)
                  0100f464    00000016     rtsv7M4_T_le_eabi.lib : strchr.c.obj (.text:strchr)
                  0100f47a    00000016     release_pem4.oem4 (.text:ti_sysbios_BIOS_exitFunc__I)
                  0100f490    00000014     drivers_cc32xx.aem4 : PWM.oem4 (.text:PWM_Params_init)
                  0100f4a4    00000014                         : PowerCC32XX.oem4 (.text:Power_getDependencyCount)
                  0100f4b8    00000014     lp55231.obj (.text:lp55231_disable)
                  0100f4cc    00000004     --HOLE-- [fill = 0]
                  0100f4d0    00000014     sysbios.aem4 : BIOS.obj (.text:pthread_attr_setschedparam)
                  0100f4e4    00000014     drivers_cc32xx.aem4 : UARTCC32XX.oem4 (.text:releasePowerConstraint)
                  0100f4f8    00000014     rtsv7M4_T_le_eabi.lib : strcpy.c.obj (.text:strcpy)
                  0100f50c    00000014                           : strlen.c.obj (.text:strlen)
                  0100f520    00000014     release_pem4.oem4 (.text:ti_sysbios_family_arm_m3_Hwi_Object__get__S)
                  0100f534    00000004     --HOLE-- [fill = 0]
                  0100f538    00000014     sysbios.aem4 : BIOS.obj (.text:ti_sysbios_family_arm_m3_Hwi_switchFromBootStack__E)
                  0100f54c    00000014                  : m3_TaskSupport_asm.obj (.text:ti_sysbios_family_arm_m3_TaskSupport_swap__E)
                  0100f560    00000014     release_pem4.oem4 (.text:ti_sysbios_heaps_HeapMem_Object__get__S)
                  0100f574    00000004     --HOLE-- [fill = 0]
                  0100f578    00000014     sysbios.aem4 : BIOS.obj (.text:ti_sysbios_knl_Clock_tickReconfig__E)
                  0100f58c    00000014     release_pem4.oem4 (.text:ti_sysbios_knl_Swi_Object__get__S)
                  0100f5a0    00000012     drivers_cc32xx.aem4 : RingBuf.oem4 (.text:RingBuf_construct)
                  0100f5b2    00000012     dpl_cc32xx.aem4 : SemaphoreP_tirtos.oem4 (.text:SemaphoreP_pend)
                  0100f5c4    00000012     rtsv7M4_T_le_eabi.lib : sscanf.c.obj (.text:_inpchar)
                  0100f5d6    00000002     --HOLE-- [fill = 0]
                  0100f5d8    00000012     sysbios.aem4 : BIOS.obj (.text:_pthread_runStub$41)
                  0100f5ea    00000012     drivers_cc32xx.aem4 : PWMTimerCC32XX.oem4 (.text:postNotifyFxn)
                  0100f5fc    00000004     --HOLE-- [fill = 0]
                  0100f600    00000012     sysbios.aem4 : BIOS.obj (.text:ti_sysbios_hal_Hwi_Module_startup__E)
                  0100f612    00000012     rtsv7M4_T_le_eabi.lib : wcslen.c.obj (.text:wcslen)
                  0100f624    00000012     release_pem4.oem4 (.text:xdc_runtime_Startup_exec__I)
                  0100f636    00000010     dpl_cc32xx.aem4 : HwiP_tirtos.oem4 (.text:HwiP_Params_init)
                  0100f646    00000002     --HOLE-- [fill = 0]
                  0100f648    00000010     drivers_cc32xx.aem4 : I2C.oem4 (.text:I2C_Params_init)
                  0100f658    00000010     pwm_api.obj (.text:api_pwm0_disable)
                  0100f668    00000010     pwm_api.obj (.text:api_pwm1_disable)
                  0100f678    00000010     drivers_cc32xx.aem4 : UARTCC32XX.oem4 (.text:readBlockingTimeout)
                  0100f688    00000010     sysbios.aem4 : BIOS.obj (.text:ti_sysbios_BIOS_getCpuFreq__E)
                  0100f698    00000010                  : BIOS.obj (.text:ti_sysbios_BIOS_setThreadType__E)
                  0100f6a8    00000010                  : BIOS.obj (.text:ti_sysbios_BIOS_start__E)
                  0100f6b8    00000010                  : m3_TaskSupport_asm.obj (.text:ti_sysbios_family_arm_m3_TaskSupport_glue)
                  0100f6c8    00000010                  : BIOS.obj (.text:ti_sysbios_gates_GateMutex_Instance_finalize__E)
                  0100f6d8    00000010     release_pem4.oem4 (.text:ti_sysbios_knl_Mailbox_Object__get__S)
                  0100f6e8    00000010     sysbios.aem4 : BIOS.obj (.text:ti_sysbios_knl_Semaphore_Instance_finalize__E)
                  0100f6f8    00000010                  : BIOS.obj (.text:ti_sysbios_knl_Swi_disable__E)
                  0100f708    00000010     release_pem4.oem4 (.text:ti_sysbios_knl_Task_Object__get__S)
                  0100f718    00000010     sysbios.aem4 : BIOS.obj (.text:ti_sysbios_knl_Task_disable__E)
                  0100f728    00000010                  : BIOS.obj (.text:xdc_runtime_Memory_free__E)
                  0100f738    00000010                  : BIOS.obj (.text:xdc_runtime_SysCallback_abort__E)
                  0100f748    00000010                  : BIOS.obj (.text:xdc_runtime_SysCallback_exit__E)
                  0100f758    0000000e     drivers_cc32xx.aem4 : RingBuf.oem4 (.text:RingBuf_isFull)
                  0100f766    0000000e     rtsv7M4_T_le_eabi.lib : copy_decompress_none.c.obj (.text:decompress:none:__TI_decompress_none)
                  0100f774    00000004     --HOLE-- [fill = 0]
                  0100f778    0000000e     sysbios.aem4 : BIOS.obj (.text:pthread_attr_setdetachstate)
                  0100f786    00000002     --HOLE-- [fill = 0]
                  0100f788    0000000e                  : BIOS.obj (.text:sem_wait)
                  0100f796    00000002     --HOLE-- [fill = 0]
                  0100f798    0000000e                  : BIOS.obj (.text:ti_sysbios_knl_Idle_loop__E)
                  0100f7a6    00000002     --HOLE-- [fill = 0]
                  0100f7a8    0000000e                  : BIOS.obj (.text:ti_sysbios_knl_Queue_empty__E)
                  0100f7b6    0000000c     CC3220SF_LAUNCHXL.obj (.text:CC3220SF_LAUNCHXL_initGeneral)
                  0100f7c2    0000000c     dpl_cc32xx.aem4 : ClockP_tirtos.oem4 (.text:ClockP_delete)
                  0100f7ce    0000000c                     : HwiP_tirtos.oem4 (.text:HwiP_delete)
                  0100f7da    00000002     --HOLE-- [fill = 0]
                  0100f7dc    0000000c     drivers_cc32xx.aem4 : PowerCC32XX.oem4 (.text:Power_getConstraintMask)
                  0100f7e8    0000000c     SHT31.obj (.text:SHT31_readHumidity)
                  0100f7f4    0000000c     SHT31.obj (.text:SHT31_readTemperature)
                  0100f800    0000000c     dpl_cc32xx.aem4 : SemaphoreP_tirtos.oem4 (.text:SemaphoreP_delete)
                  0100f80c    0000000c     rtsv7M4_T_le_eabi.lib : _lock.c.obj (.text:_register_lock)
                  0100f818    0000000c                           : _lock.c.obj (.text:_register_unlock)
                  0100f824    0000000c                           : copy_zero_init.c.obj (.text:decompress:ZI:__TI_zero_init)
                  0100f830    0000000c     drivers_cc32xx.aem4 : I2CCC32XX.oem4 (.text:postNotify)
                  0100f83c    0000000c                         : UARTCC32XX.oem4 (.text:postNotifyFxn)
                  0100f848    0000000c     release_pem4.oem4 (.text:ti_sysbios_family_arm_m3_Hwi_Params__init__S)
                  0100f854    00000004     --HOLE-- [fill = 0]
                  0100f858    0000000c     sysbios.aem4 : BIOS.obj (.text:ti_sysbios_family_arm_m3_Hwi_disableFxn__E)
                  0100f864    00000004     --HOLE-- [fill = 0]
                  0100f868    0000000c                  : BIOS.obj (.text:ti_sysbios_family_arm_m3_TaskSupport_getStackAlignment__E)
                  0100f874    00000004     --HOLE-- [fill = 0]
                  0100f878    0000000c                  : BIOS.obj (.text:ti_sysbios_gates_GateHwi_enter__E)
                  0100f884    0000000c     release_pem4.oem4 (.text:ti_sysbios_knl_Clock_Params__init__S)
                  0100f890    0000000c     sysbios.aem4 : BIOS.obj (.text:ti_sysbios_knl_Clock_getTicks__E)
                  0100f89c    00000004     --HOLE-- [fill = 0]
                  0100f8a0    0000000c                  : BIOS.obj (.text:ti_sysbios_knl_Clock_setTicks__E)
                  0100f8ac    00000004     --HOLE-- [fill = 0]
                  0100f8b0    0000000c                  : BIOS.obj (.text:ti_sysbios_knl_Clock_tickStart__E)
                  0100f8bc    00000004     --HOLE-- [fill = 0]
                  0100f8c0    0000000c                  : BIOS.obj (.text:ti_sysbios_knl_Clock_tickStop__E)
                  0100f8cc    0000000c     release_pem4.oem4 (.text:ti_sysbios_knl_Queue_Object__get__S)
                  0100f8d8    0000000c     release_pem4.oem4 (.text:ti_sysbios_knl_Semaphore_Params__init__S)
                  0100f8e4    0000000c     release_pem4.oem4 (.text:ti_sysbios_knl_Task_Params__init__S)
                  0100f8f0    0000000c     sysbios.aem4 : BIOS.obj (.text:ti_sysbios_knl_Task_self__E)
                  0100f8fc    00000004     --HOLE-- [fill = 0]
                  0100f900    0000000c                  : BIOS.obj (.text:ti_sysbios_rts_ti_ReentSupport_taskRegHook__I)
                  0100f90c    00000004     --HOLE-- [fill = 0]
                  0100f910    0000000c                  : BIOS.obj (.text:xdc_runtime_Startup_rtsDone__E)
                  0100f91c    0000000a     dpl_cc32xx.aem4 : ClockP_tirtos.oem4 (.text:ClockP_Params_init)
                  0100f926    0000000a     drivers_cc32xx.aem4 : I2C.oem4 (.text:I2C_transfer)
                  0100f930    0000000a                         : PWM.oem4 (.text:PWM_setDuty)
                  0100f93a    0000000a                         : PWM.oem4 (.text:PWM_start)
                  0100f944    0000000a                         : PWM.oem4 (.text:PWM_stop)
                  0100f94e    0000000a                         : UART.oem4 (.text:UART_read)
                  0100f958    0000000a                         : UART.oem4 (.text:UART_write)
                  0100f962    00000006     driverlib.a : utils.obj (.text:UtilsDelay)
                  0100f968    0000000a     sysbios.aem4 : BIOS.obj (.text:sem_post)
                  0100f972    0000000a     release_pem4.oem4 (.text:xdc_runtime_IHeap_alloc)
                  0100f97c    0000000a     release_pem4.oem4 (.text:xdc_runtime_IHeap_free)
                  0100f986    00000008     drivers_cc32xx.aem4 : I2CCC32XX.oem4 (.text:I2CCC32XX_blockingCallback)
                  0100f98e    00000008     dpl_cc32xx.aem4 : SemaphoreP_tirtos.oem4 (.text:SemaphoreP_Params_init)
                  0100f996    00000008     rtsv7M4_T_le_eabi.lib : sscanf.c.obj (.text:_uninpchar)
                  0100f99e    00000008                           : s_copysign.c.obj (.text:copysign)
                  0100f9a6    00000002     --HOLE-- [fill = 0]
                  0100f9a8    00000008     sysbios.aem4 : BIOS.obj (.text:pthread_attr_setstacksize)
                  0100f9b0    00000008                  : BIOS.obj (.text:pthread_mutex_lock)
                  0100f9b8    00000008     drivers_cc32xx.aem4 : UARTCC32XX.oem4 (.text:readSemCallback)
                  0100f9c0    00000008     sysbios.aem4 : BIOS.obj (.text:ti_sysbios_family_arm_m3_Hwi_doSwiRestore__I)
                  0100f9c8    00000008                  : BIOS.obj (.text:ti_sysbios_family_arm_m3_Hwi_startup__E)
                  0100f9d0    00000008     drivers_cc32xx.aem4 : UARTCC32XX.oem4 (.text:writeSemCallback)
                  0100f9d8    00000006     sysbios.aem4 : BIOS.obj (.text:ti_sysbios_family_arm_m3_Hwi_doTaskRestore__I)
                  0100f9de    00000002     --HOLE-- [fill = 0]
                  0100f9e0    00000006                  : BIOS.obj (.text:ti_sysbios_family_arm_m3_Hwi_restoreFxn__E)
                  0100f9e6    00000002     --HOLE-- [fill = 0]
                  0100f9e8    00000006                  : BIOS.obj (.text:ti_sysbios_gates_GateHwi_leave__E)
                  0100f9ee    00000002     --HOLE-- [fill = 0]
                  0100f9f0    00000006                  : BIOS.obj (.text:ti_sysbios_heaps_HeapMem_isBlocking__E)
                  0100f9f6    00000002     --HOLE-- [fill = 0]
                  0100f9f8    00000006                  : BIOS.obj (.text:ti_sysbios_knl_Clock_stop__E)
                  0100f9fe    00000002     --HOLE-- [fill = 0]
                  0100fa00    00000006                  : BIOS.obj (.text:ti_sysbios_knl_Queue_Instance_init__E)
                  0100fa06    00000002     --HOLE-- [fill = 0]
                  0100fa08    00000006                  : BIOS.obj (.text:ti_sysbios_knl_Swi_startup__E)
                  0100fa0e    00000002     --HOLE-- [fill = 0]
                  0100fa10    00000006                  : BIOS.obj (.text:xdc_runtime_System_Module_startup__E)
                  0100fa16    00000002     --HOLE-- [fill = 0]
                  0100fa18    00000004                  : BIOS.obj (.text:__aeabi_errno_addr)
                  0100fa1c    00000004     --HOLE-- [fill = 0]
                  0100fa20    00000004                  : BIOS.obj (.text:ti_sysbios_family_arm_m3_Timer_getMaxTicks__E)
                  0100fa24    00000004     --HOLE-- [fill = 0]
                  0100fa28    00000004                  : BIOS.obj (.text:ti_sysbios_gates_GateHwi_query__E)
                  0100fa2c    00000004     --HOLE-- [fill = 0]
                  0100fa30    00000004                  : BIOS.obj (.text:ti_sysbios_gates_GateMutex_query__E)
                  0100fa34    00000004     --HOLE-- [fill = 0]
                  0100fa38    00000004                  : BIOS.obj (.text:ti_sysbios_knl_Clock_setTimeout__E)
                  0100fa3c    00000004     --HOLE-- [fill = 0]
                  0100fa40    00000004                  : BIOS.obj (.text:ti_sysbios_knl_Task_startup__E)
                  0100fa44    00000004     --HOLE-- [fill = 0]
                  0100fa48    00000002                  : BIOS.obj (.text:ti_sysbios_BIOS_linkedWithIncorrectBootLibrary__E)
                  0100fa4a    00000006     --HOLE-- [fill = 0]
                  0100fa50    00000002                  : BIOS.obj (.text:ti_sysbios_gates_GateHwi_Instance_init__E)
                  0100fa52    00000006     --HOLE-- [fill = 0]
                  0100fa58    00000002                  : BIOS.obj (.text:ti_sysbios_knl_Clock_logTick__E)
                  0100fa5a    00000006     --HOLE-- [fill = 0]
                  0100fa60    00000002                  : BIOS.obj (.text:xdc_runtime_SysCallback_defaultAbort)
                  0100fa62    00000006     --HOLE-- [fill = 0]
                  0100fa68    00000002                  : BIOS.obj (.text:xdc_runtime_SysCallback_defaultExit)
                  0100fa6a    00000006     --HOLE-- [fill = 0]
                  0100fa70    00000002                  : BIOS.obj (.text:xdc_runtime_System_abortSpin__E)
                  0100fa72    00000006     --HOLE-- [fill = 0]
                  0100fa78    00000002                  : BIOS.obj (.text:xdc_runtime_System_exitSpin__E)

.const     0    0100fa80    00000b1b     
                  0100fa80    00000101     rtsv7M4_T_le_eabi.lib : ctype.c.obj (.const:.string:_ctypes_)
                  0100fb81    00000001     release_pem4.oem4 (.const:ti_sysbios_knl_Clock_tickMode__C)
                  0100fb82    00000002     release_pem4.oem4 (.const:ti_sysbios_family_arm_m3_Hwi_Module__id__C)
                  0100fb84    00000100     driverlib.a : pin.obj (.const:g_ulPinToPadMap)
                  0100fc84    00000004     drivers_cc32xx.aem4 : GPIOCC32XX.oem4 (.const:.string:portInterruptIds)
                  0100fc88    000000c8     rtsv7M4_T_le_eabi.lib : strtod.c.obj (.const:$O1$$)
                  0100fd50    000000a8     driverlib.a : prcm.obj (.const:PRCM_PeriphRegsList)
                  0100fdf8    00000058     release_pem4.oem4 (.const:.string)
                  0100fe50    00000048     uart_parser.obj (.const:CMDTABL)
                  0100fe98    00000048     CC3220SF_LAUNCHXL.obj (.const:uartCC3220SHWAttrs)
                  0100fee0    00000044     release_pem4.oem4 (.const:ti_sysbios_knl_Task_Object__PARAMS__C)
                  0100ff24    00000040     vl53l0x_api.obj (.const:$P$T0$1)
                  0100ff64    00000040     CC3220SF_LAUNCHXL.obj (.const:PowerCC32XX_config)
                  0100ffa4    00000030     release_pem4.oem4 (.const:ti_sysbios_family_arm_m3_Hwi_Object__PARAMS__C)
                  0100ffd4    00000028     drivers_cc32xx.aem4 : UARTCC32XX.oem4 (.const:UARTCC32XX_fxnTable)
                  0100fffc    00000028     release_pem4.oem4 (.const:ti_sysbios_heaps_HeapMem_Module__FXNS__C)
                  01010024    00000024     drivers_cc32xx.aem4 : UART.oem4 (.const:UART_defaultParams)
                  01010048    00000024     release_pem4.oem4 (.const:ti_sysbios_gates_GateHwi_Module__FXNS__C)
                  0101006c    00000024     release_pem4.oem4 (.const:ti_sysbios_gates_GateMutex_Module__FXNS__C)
                  01010090    00000024     release_pem4.oem4 (.const:ti_sysbios_heaps_HeapMem_Object__PARAMS__C)
                  010100b4    00000024     release_pem4.oem4 (.const:ti_sysbios_knl_Clock_Object__PARAMS__C)
                  010100d8    00000024     release_pem4.oem4 (.const:ti_sysbios_knl_Semaphore_Object__PARAMS__C)
                  010100fc    00000021     drivers_cc32xx.aem4 : GPIOCC32XX.oem4 (.const:.string:pinTable)
                  0101011d    00000001     release_pem4.oem4 (.const:ti_sysbios_knl_Clock_tickSource__C)
                  0101011e    00000002     release_pem4.oem4 (.const:ti_sysbios_family_arm_m3_Timer_Module__id__C)
                  01010120    00000020     drivers_cc32xx.aem4 : PWMTimerCC32XX.oem4 (.const:PWMTimerCC32XX_fxnTable)
                  01010140    00000020                         : PWMTimerCC32XX.oem4 (.const:gpioPinIndexes)
                  01010160    00000020                         : UARTCC32XX.oem4 (.const:staticFxnTable)
                  01010180    00000020     release_pem4.oem4 (.const:ti_sysbios_family_arm_m3_Hwi_Object__DESC__C)
                  010101a0    00000020     release_pem4.oem4 (.const:ti_sysbios_gates_GateHwi_Object__DESC__C)
                  010101c0    00000020     release_pem4.oem4 (.const:ti_sysbios_gates_GateMutex_Object__DESC__C)
                  010101e0    00000020     release_pem4.oem4 (.const:ti_sysbios_heaps_HeapMem_Object__DESC__C)
                  01010200    00000020     release_pem4.oem4 (.const:ti_sysbios_knl_Clock_Object__DESC__C)
                  01010220    00000020     release_pem4.oem4 (.const:ti_sysbios_knl_Queue_Object__DESC__C)
                  01010240    00000020     release_pem4.oem4 (.const:ti_sysbios_knl_Semaphore_Object__DESC__C)
                  01010260    00000020     release_pem4.oem4 (.const:ti_sysbios_knl_Task_Object__DESC__C)
                  01010280    00000020     release_pem4.oem4 (.const:xdc_runtime_Startup_sfxnTab__A)
                  010102a0    00000018     drivers_cc32xx.aem4 : I2CCC32XX.oem4 (.const:I2CCC32XX_fxnTable)
                  010102b8    00000018     CC3220SF_LAUNCHXL.obj (.const:PWM_config)
                  010102d0    00000018     drivers_cc32xx.aem4 : PWM.oem4 (.const:PWM_defaultParams)
                  010102e8    00000018     CC3220SF_LAUNCHXL.obj (.const:UART_config)
                  01010300    00000018     release_pem4.oem4 (.const:ti_sysbios_gates_GateHwi_Object__PARAMS__C)
                  01010318    00000018     release_pem4.oem4 (.const:ti_sysbios_gates_GateMutex_Object__PARAMS__C)
                  01010330    00000018     release_pem4.oem4 (.const:ti_sysbios_knl_Queue_Object__PARAMS__C)
                  01010348    00000018     release_pem4.oem4 (.const:ti_sysbios_knl_Task_hooks__A)
                  01010360    00000016     uart_parser.obj (.const:.string)
                  01010376    00000002     release_pem4.oem4 (.const:ti_sysbios_heaps_HeapMem_Module__id__C)
                  01010378    00000014     CC3220SF_LAUNCHXL.obj (.const:GPIOCC32XX_config)
                  0101038c    00000014     drivers_cc32xx.aem4 : GPIOCC32XX.oem4 (.const:gpioBaseAddresses)
                  010103a0    00000014                         : UARTCC32XX.oem4 (.const:parityType)
                  010103b4    00000014                         : GPIOCC32XX.oem4 (.const:powerResources)
                  010103c8    00000010     rtsv7M4_T_le_eabi.lib : _scanfi.c.obj (.const:$O1$$)
                  010103d8    00000010     drivers_cc32xx.aem4 : I2C.oem4 (.const:I2C_defaultParams)
                  010103e8    00000010                         : UARTCC32XX.oem4 (.const:dataLength)
                  010103f8    00000010                         : PWMTimerCC32XX.oem4 (.const:gpioBaseAddresses)
                  01010408    00000010     CC3220SF_LAUNCHXL.obj (.const:i2cCC3220SHWAttrs)
                  01010418    00000010     drivers_cc32xx.aem4 : PWMTimerCC32XX.oem4 (.const:timerBaseAddresses)
                  01010428    00000010     release_pem4.oem4 (.const:xdc_runtime_Startup_sfxnRts__A)
                  01010438    0000000d     CC3220SF_LAUNCHXL.obj (.const)
                  01010445    00000001     release_pem4.oem4 (.const:xdc_runtime_Error_policy__C)
                  01010446    00000002     release_pem4.oem4 (.const:xdc_runtime_Memory_Module__id__C)
                  01010448    0000000c     CC3220SF_LAUNCHXL.obj (.const:I2C_config)
                  01010454    0000000c     release_pem4.oem4 (.const:xdc_runtime_Startup_firstFxns__A)
                  01010460    00000008     drivers_cc32xx.aem4 : I2CCC32XX.oem4 (.const:bitRate)
                  01010468    00000008                         : GPIOCC32XX.oem4 (.const:outPinTypes)
                  01010470    00000008     CC3220SF_LAUNCHXL.obj (.const:pwmTimerCC3220SHWAttrs)
                  01010478    00000008     drivers_cc32xx.aem4 : UARTCC32XX.oem4 (.const:stopBits)
                  01010480    00000008     release_pem4.oem4 (.const:ti_sysbios_knl_Idle_funcList__A)
                  01010488    00000008     release_pem4.oem4 (.const:ti_sysbios_knl_Idle_funcList__C)
                  01010490    00000008     release_pem4.oem4 (.const:ti_sysbios_knl_Task_hooks__C)
                  01010498    00000008     drivers_cc32xx.aem4 : PWMTimerCC32XX.oem4 (.const:timerHalves)
                  010104a0    00000008     release_pem4.oem4 (.const:xdc_runtime_Startup_firstFxns__C)
                  010104a8    00000008     release_pem4.oem4 (.const:xdc_runtime_Startup_lastFxns__C)
                  010104b0    00000006     drivers_cc32xx.aem4 : GPIOCC32XX.oem4 (.const:.string:interruptType)
                  010104b6    00000006                         : GPIOCC32XX.oem4 (.const:inPinTypes)
                  010104bc    00000006                         : GPIOCC32XX.oem4 (.const:outPinStrengths)
                  010104c2    00000002     release_pem4.oem4 (.const:xdc_runtime_Text_charCnt__C)
                  010104c4    00000004     release_pem4.oem4 (.const:ti_sysbios_family_arm_m3_Hwi_E_alreadyDefined__C)
                  010104c8    00000004     release_pem4.oem4 (.const:ti_sysbios_family_arm_m3_Hwi_NUM_INTERRUPTS__C)
                  010104cc    00000004     release_pem4.oem4 (.const:ti_sysbios_family_arm_m3_Hwi_Object__count__C)
                  010104d0    00000004     release_pem4.oem4 (.const:ti_sysbios_family_arm_m3_Hwi_ccr__C)
                  010104d4    00000004     release_pem4.oem4 (.const:ti_sysbios_family_arm_m3_Hwi_excHandlerFunc__C)
                  010104d8    00000004     release_pem4.oem4 (.const:ti_sysbios_family_arm_m3_Hwi_nullIsrFunc__C)
                  010104dc    00000004     release_pem4.oem4 (.const:ti_sysbios_family_arm_m3_Hwi_priGroup__C)
                  010104e0    00000004     release_pem4.oem4 (.const:ti_sysbios_family_arm_m3_Hwi_swiDisable__C)
                  010104e4    00000004     release_pem4.oem4 (.const:ti_sysbios_family_arm_m3_Hwi_swiRestoreHwi__C)
                  010104e8    00000004     release_pem4.oem4 (.const:ti_sysbios_family_arm_m3_TaskSupport_stackAlignment__C)
                  010104ec    00000004     release_pem4.oem4 (.const:ti_sysbios_family_arm_m3_Timer_E_cannotSupport__C)
                  010104f0    00000004     release_pem4.oem4 (.const:ti_sysbios_family_arm_m3_Timer_startupNeeded__C)
                  010104f4    00000004     release_pem4.oem4 (.const:ti_sysbios_gates_GateMutex_Instance_State_sem__O)
                  010104f8    00000004     release_pem4.oem4 (.const:ti_sysbios_heaps_HeapMem_E_memory__C)
                  010104fc    00000004     release_pem4.oem4 (.const:ti_sysbios_heaps_HeapMem_Module__gateObj__C)
                  01010500    00000004     release_pem4.oem4 (.const:ti_sysbios_heaps_HeapMem_Object__count__C)
                  01010504    00000004     release_pem4.oem4 (.const:ti_sysbios_heaps_HeapMem_primaryHeapBaseAddr__C)
                  01010508    00000004     release_pem4.oem4 (.const:ti_sysbios_heaps_HeapMem_primaryHeapEndAddr__C)
                  0101050c    00000004     release_pem4.oem4 (.const:ti_sysbios_heaps_HeapMem_reqAlign__C)
                  01010510    00000004     release_pem4.oem4 (.const:ti_sysbios_knl_Clock_Module_State_clockQ__O)
                  01010514    00000004     release_pem4.oem4 (.const:ti_sysbios_knl_Clock_tickPeriod__C)
                  01010518    00000004     release_pem4.oem4 (.const:ti_sysbios_knl_Mailbox_Instance_State_freeQue__O)
                  0101051c    00000004     release_pem4.oem4 (.const:ti_sysbios_knl_Mailbox_Object__count__C)
                  01010520    00000004     release_pem4.oem4 (.const:ti_sysbios_knl_Mailbox_maxTypeAlign__C)
                  01010524    00000004     release_pem4.oem4 (.const:ti_sysbios_knl_Semaphore_Instance_State_pendQ__O)
                  01010528    00000004     release_pem4.oem4 (.const:ti_sysbios_knl_Swi_Object__count__C)
                  0101052c    00000004     release_pem4.oem4 (.const:ti_sysbios_knl_Task_Module_State_inactiveQ__O)
                  01010530    00000004     release_pem4.oem4 (.const:ti_sysbios_knl_Task_Object__count__C)
                  01010534    00000004     release_pem4.oem4 (.const:ti_sysbios_knl_Task_Object__heap__C)
                  01010538    00000004     release_pem4.oem4 (.const:ti_sysbios_knl_Task_allBlockedFunc__C)
                  0101053c    00000004     release_pem4.oem4 (.const:ti_sysbios_knl_Task_defaultStackHeap__C)
                  01010540    00000004     release_pem4.oem4 (.const:ti_sysbios_knl_Task_defaultStackSize__C)
                  01010544    00000004     release_pem4.oem4 (.const:ti_sysbios_knl_Task_numConstructedTasks__C)
                  01010548    00000004     release_pem4.oem4 (.const:xdc_runtime_Error_E_memory__C)
                  0101054c    00000004     release_pem4.oem4 (.const:xdc_runtime_Error_policyFxn__C)
                  01010550    00000004     release_pem4.oem4 (.const:xdc_runtime_IGateProvider_Interface__BASE__C)
                  01010554    00000004     release_pem4.oem4 (.const:xdc_runtime_IHeap_Interface__BASE__C)
                  01010558    00000004     release_pem4.oem4 (.const:xdc_runtime_IModule_Interface__BASE__C)
                  0101055c    00000004     release_pem4.oem4 (.const:xdc_runtime_Memory_defaultHeapInstance__C)
                  01010560    00000004     release_pem4.oem4 (.const:xdc_runtime_Startup_execImpl__C)
                  01010564    00000004     release_pem4.oem4 (.const:xdc_runtime_Startup_maxPasses__C)
                  01010568    00000004     release_pem4.oem4 (.const:xdc_runtime_Startup_sfxnRts__C)
                  0101056c    00000004     release_pem4.oem4 (.const:xdc_runtime_Startup_sfxnTab__C)
                  01010570    00000004     release_pem4.oem4 (.const:xdc_runtime_SysCallback_abortFxn__C)
                  01010574    00000004     release_pem4.oem4 (.const:xdc_runtime_SysCallback_exitFxn__C)
                  01010578    00000004     release_pem4.oem4 (.const:xdc_runtime_System_Module__gateObj__C)
                  0101057c    00000004     release_pem4.oem4 (.const:xdc_runtime_System_abortFxn__C)
                  01010580    00000004     release_pem4.oem4 (.const:xdc_runtime_System_exitFxn__C)
                  01010584    00000004     release_pem4.oem4 (.const:xdc_runtime_System_maxAtexitHandlers__C)
                  01010588    00000004     release_pem4.oem4 (.const:xdc_runtime_Text_charTab__C)
                  0101058c    00000004     release_pem4.oem4 (.const:xdc_runtime_Text_nameEmpty__C)
                  01010590    00000004     release_pem4.oem4 (.const:xdc_runtime_Text_nameStatic__C)
                  01010594    00000004     release_pem4.oem4 (.const:xdc_runtime_Text_nameUnknown__C)
                  01010598    00000002     release_pem4.oem4 (.const:xdc_runtime_Text_isLoaded__C)
                  0101059a    00000001     release_pem4.oem4 (.const:xdc_runtime_Text_charTab__A)

.cinit     0    010105a0    00000528     
                  010105a0    000004fe     (.cinit..data.load) [load image, compression = lzss]
                  01010a9e    00000002     --HOLE-- [fill = 0]
                  01010aa0    0000000c     (__TI_handler_table)
                  01010aac    00000004     --HOLE-- [fill = 0]
                  01010ab0    00000008     (.cinit..bss.load) [load image, compression = zero_init]
                  01010ab8    00000010     (__TI_cinit_table)

.init_array 
*          0    01000800    00000000     UNINITIALIZED

.bss       0    20008310    00000b06     UNINITIALIZED
                  20008310    0000030c     (.common:ti_sysbios_family_arm_m3_Hwi_dispatchTable)
                  2000861c    00000004     drivers_cc32xx.aem4 : GPIOCC32XX.oem4 (.bss)
                  20008620    00000200     release_pem4.oem4 (.bss:taskStackSection)
                  20008820    00000160     (.common:MyDevice)
                  20008980    0000012c     (.common:PowerCC32XX_contextSave)
                  20008aac    00000108     (.common:uartCC3220SObjects)
                  20008bb4    00000050     (.common:i2cCC3220SObjects)
                  20008c04    00000048     (.common:pwmTimerCC3220SObjects)
[...]
0100f869  ti_sysbios_family_arm_m3_TaskSupport_getStackAlignment__E       
0100f869  ti_sysbios_knl_Task_SupportProxy_getStackAlignment__E           
0100f879  ti_sysbios_gates_GateHwi_enter__E                               
0100f885  ti_sysbios_knl_Clock_Params__init__S                            
0100f891  ClockP_getSystemTicks                                           
0100f891  ti_sysbios_knl_Clock_getTicks__E                                
0100f8a1  ti_sysbios_knl_Clock_setTicks__E                                
0100f8b1  ti_sysbios_knl_Clock_tickStart__E                               
0100f8c1  ti_sysbios_knl_Clock_tickStop__E                                
0100f8cd  ti_sysbios_knl_Queue_Object__get__S                             
0100f8d9  ti_sysbios_knl_Semaphore_Params__init__S                        
0100f8e5  ti_sysbios_knl_Task_Params__init__S                             
0100f8f1  ti_sysbios_knl_Task_self__E                                     
0100f901  ti_sysbios_rts_ti_ReentSupport_taskRegHook__I                   
0100f911  xdc_runtime_Startup_rtsDone__E                                  
0100f91d  ClockP_Params_init                                              
0100f927  I2C_transfer                                                    
0100f931  PWM_setDuty                                                     
0100f93b  PWM_start                                                       
0100f945  PWM_stop                                                        
0100f94f  UART_read                                                       
0100f959  UART_write                                                      
0100f963  UtilsDelay                                                      
0100f969  sem_post                                                        
0100f973  xdc_runtime_Memory_HeapProxy_alloc__E                           
0100f97d  xdc_runtime_Memory_HeapProxy_free__E                            
0100f98f  SemaphoreP_Params_init                                          
0100f99f  copysign                                                        
0100f99f  copysignl                                                       
0100f9a9  pthread_attr_setstacksize                                       
0100f9b1  pthread_mutex_lock                                              
0100f9c1  ti_sysbios_family_arm_m3_Hwi_doSwiRestore__I                    
0100f9c9  ti_sysbios_family_arm_m3_Hwi_startup__E                         
0100f9c9  ti_sysbios_hal_Hwi_HwiProxy_startup__E                          
0100f9c9  ti_sysbios_hal_Hwi_startup__E                                   
0100f9d9  ti_sysbios_family_arm_m3_Hwi_doTaskRestore__I                   
0100f9e1  HwiP_restore                                                    
0100f9e1  ti_sysbios_family_arm_m3_Hwi_restoreFxn__E                      
0100f9e1  ti_sysbios_hal_Hwi_HwiProxy_restore__E                          
0100f9e9  ti_sysbios_gates_GateHwi_leave__E                               
0100f9f1  ti_sysbios_heaps_HeapMem_isBlocking__E                          
0100f9f9  ti_sysbios_knl_Clock_stop__E                                    
0100fa01  ti_sysbios_knl_Queue_Instance_init__E                           
0100fa09  ti_sysbios_knl_Swi_startup__E                                   
0100fa11  xdc_runtime_System_Module_startup__E                            
0100fa19  __aeabi_errno_addr                                              
0100fa21  ti_sysbios_family_arm_m3_Timer_getMaxTicks__E                   
0100fa29  ti_sysbios_gates_GateHwi_query__E                               
0100fa29  xdc_runtime_Main_Module_GateProxy_query__E                      
0100fa29  xdc_runtime_System_Module_GateProxy_query__E                    
0100fa31  ti_sysbios_BIOS_RtsGateProxy_query__E                           
0100fa31  ti_sysbios_gates_GateMutex_query__E                             
0100fa31  ti_sysbios_heaps_HeapMem_Module_GateProxy_query__E              
0100fa39  ti_sysbios_knl_Clock_setTimeout__E                              
0100fa41  ti_sysbios_knl_Task_startup__E                                  
0100fa49  ti_sysbios_BIOS_linkedWithIncorrectBootLibrary__E               
0100fa51  ti_sysbios_gates_GateHwi_Instance_init__E                       
0100fa59  ti_sysbios_knl_Clock_logTick__E                                 
0100fa61  xdc_runtime_SysCallback_defaultAbort                            
0100fa69  xdc_runtime_SysCallback_defaultExit                             
0100fa71  xdc_runtime_System_abortSpin__E                                 
0100fa79  xdc_runtime_System_exitSpin__E                                  
0100fa80  _ctypes_                                                        
0100fb81  ti_sysbios_knl_Clock_tickMode__C                                
0100fb82  ti_sysbios_family_arm_m3_Hwi_Module__id__C                      
0100fe50  CMDTABL                                                         
0100fe98  uartCC3220SHWAttrs                                              
0100fee0  ti_sysbios_knl_Task_Object__PARAMS__C                           
0100ff64  PowerCC32XX_config                                              
0100ffa4  ti_sysbios_family_arm_m3_Hwi_Object__PARAMS__C                  
0100ffd4  UARTCC32XX_fxnTable                                             
0100fffc  ti_sysbios_heaps_HeapMem_Module__FXNS__C                        
01010024  UART_defaultParams                                              
01010048  ti_sysbios_gates_GateHwi_Module__FXNS__C                        
0101006c  ti_sysbios_gates_GateMutex_Module__FXNS__C                      
01010090  ti_sysbios_heaps_HeapMem_Object__PARAMS__C                      
010100b4  ti_sysbios_knl_Clock_Object__PARAMS__C                          
010100d8  ti_sysbios_knl_Semaphore_Object__PARAMS__C                      
0101011d  ti_sysbios_knl_Clock_tickSource__C                              
0101011e  ti_sysbios_family_arm_m3_Timer_Module__id__C                    
01010120  PWMTimerCC32XX_fxnTable                                         
01010180  ti_sysbios_family_arm_m3_Hwi_Object__DESC__C                    
010101a0  ti_sysbios_gates_GateHwi_Object__DESC__C                        
010101c0  ti_sysbios_gates_GateMutex_Object__DESC__C                      
010101e0  ti_sysbios_heaps_HeapMem_Object__DESC__C                        
01010200  ti_sysbios_knl_Clock_Object__DESC__C                            
01010220  ti_sysbios_knl_Queue_Object__DESC__C                            
01010240  ti_sysbios_knl_Semaphore_Object__DESC__C                        
01010260  ti_sysbios_knl_Task_Object__DESC__C                             
01010280  xdc_runtime_Startup_sfxnTab__A                                  
010102a0  I2CCC32XX_fxnTable                                              
010102b8  PWM_config                                                      
010102d0  PWM_defaultParams                                               
010102e8  UART_config                                                     
01010300  ti_sysbios_gates_GateHwi_Object__PARAMS__C                      
01010318  ti_sysbios_gates_GateMutex_Object__PARAMS__C                    
01010330  ti_sysbios_knl_Queue_Object__PARAMS__C                          
01010348  ti_sysbios_knl_Task_hooks__A                                    
01010376  ti_sysbios_heaps_HeapMem_Module__id__C                          
01010378  GPIOCC32XX_config                                               
010103d8  I2C_defaultParams                                               
01010408  i2cCC3220SHWAttrs                                               
01010428  xdc_runtime_Startup_sfxnRts__A                                  
01010438  ADC_count                                                       
01010439  Capture_count                                                   
0101043a  CryptoCC32XX_count                                              
0101043b  Display_count                                                   
0101043c  I2C_count                                                       
0101043d  I2S_count                                                       
0101043e  PWM_count                                                       
0101043f  SDFatFS_count                                                   
01010440  SD_count                                                        
01010441  SPI_count                                                       
01010442  Timer_count                                                     
01010443  UART_count                                                      
01010444  Watchdog_count                                                  
01010445  xdc_runtime_Error_policy__C                                     
01010446  xdc_runtime_Memory_Module__id__C                                
01010448  I2C_config                                                      
01010454  xdc_runtime_Startup_firstFxns__A                                
01010468  outPinTypes                                                     
01010470  pwmTimerCC3220SHWAttrs                                          
01010480  ti_sysbios_knl_Idle_funcList__A                                 
01010488  ti_sysbios_knl_Idle_funcList__C                                 
01010490  ti_sysbios_knl_Task_hooks__C                                    
010104a0  xdc_runtime_Startup_firstFxns__C                                
010104a8  xdc_runtime_Startup_lastFxns__C                                 
010104b6  inPinTypes                                                      
010104bc  outPinStrengths                                                 
010104c2  xdc_runtime_Text_charCnt__C                                     
010104c4  ti_sysbios_family_arm_m3_Hwi_E_alreadyDefined__C                
010104c8  ti_sysbios_family_arm_m3_Hwi_NUM_INTERRUPTS__C                  
010104cc  ti_sysbios_family_arm_m3_Hwi_Object__count__C                   
010104d0  ti_sysbios_family_arm_m3_Hwi_ccr__C                             
010104d4  ti_sysbios_family_arm_m3_Hwi_excHandlerFunc__C                  
010104d8  ti_sysbios_family_arm_m3_Hwi_nullIsrFunc__C                     
010104dc  ti_sysbios_family_arm_m3_Hwi_priGroup__C                        
010104e0  ti_sysbios_family_arm_m3_Hwi_swiDisable__C                      
010104e4  ti_sysbios_family_arm_m3_Hwi_swiRestoreHwi__C                   
010104e8  ti_sysbios_family_arm_m3_TaskSupport_stackAlignment__C          
010104ec  ti_sysbios_family_arm_m3_Timer_E_cannotSupport__C               
010104f0  ti_sysbios_family_arm_m3_Timer_startupNeeded__C                 
010104f4  ti_sysbios_gates_GateMutex_Instance_State_sem__O                
010104f8  ti_sysbios_heaps_HeapMem_E_memory__C                            
010104fc  ti_sysbios_heaps_HeapMem_Module__gateObj__C                     
01010500  ti_sysbios_heaps_HeapMem_Object__count__C                       
01010504  ti_sysbios_heaps_HeapMem_primaryHeapBaseAddr__C                 
01010508  ti_sysbios_heaps_HeapMem_primaryHeapEndAddr__C                  
0101050c  ti_sysbios_heaps_HeapMem_reqAlign__C                            
01010510  ti_sysbios_knl_Clock_Module_State_clockQ__O                     
01010514  ti_sysbios_knl_Clock_tickPeriod__C                              
01010518  ti_sysbios_knl_Mailbox_Instance_State_freeQue__O                
0101051c  ti_sysbios_knl_Mailbox_Object__count__C                         
01010520  ti_sysbios_knl_Mailbox_maxTypeAlign__C                          
01010524  ti_sysbios_knl_Semaphore_Instance_State_pendQ__O                
01010528  ti_sysbios_knl_Swi_Object__count__C                             
0101052c  ti_sysbios_knl_Task_Module_State_inactiveQ__O                   
01010530  ti_sysbios_knl_Task_Object__count__C                            
01010534  ti_sysbios_knl_Task_Object__heap__C                             
01010538  ti_sysbios_knl_Task_allBlockedFunc__C                           
0101053c  ti_sysbios_knl_Task_defaultStackHeap__C                         
01010540  ti_sysbios_knl_Task_defaultStackSize__C                         
01010544  ti_sysbios_knl_Task_numConstructedTasks__C                      
01010548  xdc_runtime_Error_E_memory__C                                   
0101054c  xdc_runtime_Error_policyFxn__C                                  
01010550  xdc_runtime_IGateProvider_Interface__BASE__C                    
01010554  xdc_runtime_IHeap_Interface__BASE__C                            
01010558  xdc_runtime_IModule_Interface__BASE__C                          
0101055c  xdc_runtime_Memory_defaultHeapInstance__C                       
01010560  xdc_runtime_Startup_execImpl__C                                 
01010564  xdc_runtime_Startup_maxPasses__C                                
01010568  xdc_runtime_Startup_sfxnRts__C                                  
0101056c  xdc_runtime_Startup_sfxnTab__C                                  
01010570  xdc_runtime_SysCallback_abortFxn__C                             
01010574  xdc_runtime_SysCallback_exitFxn__C                              
01010578  xdc_runtime_System_Module__gateObj__C                           
0101057c  xdc_runtime_System_abortFxn__C                                  
01010580  xdc_runtime_System_exitFxn__C                                   
01010584  xdc_runtime_System_maxAtexitHandlers__C                         
01010588  xdc_runtime_Text_charTab__C                                     
0101058c  xdc_runtime_Text_nameEmpty__C                                   
01010590  xdc_runtime_Text_nameStatic__C                                  
01010594  xdc_runtime_Text_nameUnknown__C                                 
01010598  xdc_runtime_Text_isLoaded__C                                    
0101059a  xdc_runtime_Text_charTab__A                                     
010105a0  __TI_static_base__                                              
01010aa0  __TI_Handler_Table_Base                                         
01010aac  __TI_Handler_Table_Limit                                        
01010ab8  __TI_CINIT_Base                                                 
01010ac8  __TI_CINIT_Limit                                                
20000000  ti_sysbios_family_arm_m3_Hwi_ramVectors                         
20000310  __primary_heap_start__                                          
20008310  __primary_heap_end__                                            
20008310  ti_sysbios_family_arm_m3_Hwi_dispatchTable                      
20008620  ti_sysbios_knl_Task_Instance_State_0_stack__A                   
20008820  MyDevice                                                        
20008980  PowerCC32XX_contextSave                                         
20008aac  uartCC3220SObjects                                              
20008bb4  i2cCC3220SObjects                                               
20008c04  pwmTimerCC3220SObjects                                          
20008c4c  UARTCommands_cmdBuffer                                          
20008c8c  uartCC3220SRingBuffer                                           
20008cf8  uartMutex                                                       
20008d7c  sem_touch_button                                                
20008dc4  ledState                                                        
20008dfc  ClockP_tickPeriod                                               
20008e00  g_sht31_humidity                                                
20008e04  g_sht31_temperature                                             
20008e08  pMyDevice                                                       
20008e0c  ti_sysbios_knl_Task_Instance_State_0_hookEnv__A                 
20008e10  uartHandle                                                      
20008e15  g_drvState                                                      
20008e18  InterruptThresholdSettings                                      
20008fce  ti_sysbios_family_arm_m3_Hwi_Module_State_0_excActive__A        
20008fd0  PowerCC32XX_module                                              
2000913c  parkInfo                                                        
20009234  DefaultTuningSettings                                           
200093b0  ti_sysbios_knl_Swi_Module_State_0_readyQ__A                     
20009430  ti_sysbios_knl_Task_Module_State_0_readyQ__A                    
200094b0  ti_sysbios_knl_Task_Object__table__V                            
2000950c  ti_sysbios_gates_GateMutex_Object__table__V                     
20009560  ti_sysbios_knl_Task_Module__state__V                            
200095a8  ti_sysbios_family_arm_m3_Hwi_Module__state__V                   
200095dc  ti_sysbios_family_arm_m3_Timer_Object__table__V                 
2000960c  ti_sysbios_knl_Swi_Object__table__V                             
2000963c  ti_sysbios_knl_Clock_Module__state__V                           
20009668  ti_sysbios_BIOS_Module__state__V                                
2000968c  xdc_runtime_Error_IgnoreBlock                                   
200096ac  ti_sysbios_knl_Swi_Module__state__V                             
200096c8  gpioPinConfigs                                                  
200096e0  ti_sysbios_family_arm_m3_Hwi_Object__table__V                   
200096f8  ti_sysbios_heaps_HeapMem_Object__table__V                       
20009710  gpioCallbackFunctions                                           
20009730  refArrayQuadrants                                               
20009740  ti_sysbios_family_arm_m3_Timer_Module__state__V                 
20009758  _lock                                                           
2000975c  _unlock                                                         
20009760  ti_sysbios_family_arm_m3_Hwi_Module__root__V                    
20009768  ti_sysbios_gates_GateHwi_Module__root__V                        
20009770  ti_sysbios_gates_GateMutex_Module__root__V                      
20009778  ti_sysbios_heaps_HeapMem_Module__root__V                        
20009780  ti_sysbios_knl_Clock_Module__root__V                            
20009788  ti_sysbios_knl_Queue_Module__root__V                            
20009790  ti_sysbios_knl_Semaphore_Module__root__V                        
20009798  ti_sysbios_knl_Task_Module__root__V                             
200097a0  xdc_runtime_Startup_Module__state__V                            
200097a8  xdc_runtime_System_Module_State_0_atexitHandlers__A             
200097b0  xdc_runtime_System_Module__state__V                             
200097b8  main_func_sp                                                    
200097c0  ti_sysbios_family_arm_m3_Hwi_Module_State_0_excContext__A       
200097c4  ti_sysbios_family_arm_m3_Hwi_Module_State_0_excStack__A         
200097c8  ti_sysbios_gates_GateHwi_Object__table__V                       
200097cc  ti_sysbios_knl_Task_Module_State_0_idleTask__A                  
200097d0  ti_sysbios_rts_ti_ReentSupport_Module__state__V                 
200097d8  xdc_runtime_Memory_Module__state__V                             
2003fc00  __stack                                                         
20040000  __STACK_END                                                     
e000e000  ti_sysbios_family_arm_m3_Hwi_nvic                               
ffffffff  __TI_pprof_out_hndl                                             
ffffffff  __TI_prof_data_size                                             
ffffffff  __TI_prof_data_start                                            
ffffffff  __binit__                                                       
ffffffff  __c_args__                                                      
ffffffff  binit                                                           
UNDEFED   SHT$$INIT_ARRAY$$Base                                           
UNDEFED   SHT$$INIT_ARRAY$$Limit                                          

[791 symbols]
